[0m[38;5;245mrunning 1 test from ./src/requirements/account/008-domain-id-assignment.requirement.test.ts[0m
req:account-008 - Accounts are assigned an immutable domain_id at creation ...
[0m[38;5;245m------- output -------[0m
I "no mode specified, using default mode web" {"mode":"web","args":[]}
I "grove running mode web" {"mode":"web","args":{"port":8000,"hostname":"0.0.0.0"}}
I "Server starting..." {"port":8000,"hostname":"0.0.0.0"}
I "Listening on http://0.0.0.0:8000" {"port":8000,"hostname":"0.0.0.0"}
Listening on http://0.0.0.0:8000/ (http://localhost:8000/)
[0m[38;5;245m----- output end -----[0m
  account has a domain_id in admin_verified_fields after provisioning ...
[0m[38;5;245m------- output -------[0m
I "200 POST /mcp 22ms" {"status":200,"method":"POST","url":"http://localhost:8000/mcp","ms":"22ms"}
I "200 POST /mcp 13ms" {"status":200,"method":"POST","url":"http://localhost:8000/mcp","ms":"13ms"}
[0m[38;5;245m----- output end -----[0m
  account has a domain_id in admin_verified_fields after provisioning ... [0m[31mFAILED[0m [0m[38;5;245m(37ms)[0m
  domain_id is distinct from the account oid ...
[0m[38;5;245m------- output -------[0m
I "200 POST /mcp 2ms" {"status":200,"method":"POST","url":"http://localhost:8000/mcp","ms":"2ms"}
[0m[38;5;245m----- output end -----[0m
  domain_id is distinct from the account oid ... [0m[31mFAILED[0m [0m[38;5;245m(2ms)[0m
  domain_id is stable across multiple requests ...
[0m[38;5;245m------- output -------[0m
I "200 POST /mcp 2ms" {"status":200,"method":"POST","url":"http://localhost:8000/mcp","ms":"2ms"}
I "200 POST /mcp 2ms" {"status":200,"method":"POST","url":"http://localhost:8000/mcp","ms":"2ms"}
[0m[38;5;245m----- output end -----[0m
  domain_id is stable across multiple requests ... [0m[32mok[0m [0m[38;5;245m(5ms)[0m
req:account-008 - Accounts are assigned an immutable domain_id at creation ... [0m[31mFAILED[0m (due to 2 failed steps) [0m[38;5;245m(555ms)[0m
[0m[38;5;245mrunning 1 test from ./src/requirements/account/009-domain-id-admin-claim.requirement.test.ts[0m
req:account-009 - domain_id is an immutable admin-verified claim ...
[0m[38;5;245m------- post-test output -------[0m
I "no mode specified, using default mode web" {"mode":"web","args":[]}
I "grove running mode web" {"mode":"web","args":{"port":8000,"hostname":"0.0.0.0"}}
I "Server starting..." {"port":8000,"hostname":"0.0.0.0"}
I "Listening on http://0.0.0.0:8000" {"port":8000,"hostname":"0.0.0.0"}
Listening on http://0.0.0.0:8000/ (http://localhost:8000/)
I "200 POST /mcp 23ms" {"status":200,"method":"POST","url":"http://localhost:8000/mcp","ms":"23ms"}
[0m[38;5;245m----- post-test output end -----[0m
  domain_id appears in admin_verified_fields and verified_fields ...
[0m[38;5;245m------- post-test output -------[0m
I "200 POST /mcp 14ms" {"status":200,"method":"POST","url":"http://localhost:8000/mcp","ms":"14ms"}
[0m[38;5;245m----- post-test output end -----[0m
  domain_id appears in admin_verified_fields and verified_fields ... [0m[31mFAILED[0m [0m[38;5;245m(14ms)[0m
  set_admin_verified_metadata rejects attempts to overwrite domain_id ...
[0m[38;5;245m------- post-test output -------[0m
I "200 POST /mcp 5ms" {"status":200,"method":"POST","url":"http://localhost:8000/mcp","ms":"5ms"}
[0m[38;5;245m----- post-test output end -----[0m
  set_admin_verified_metadata rejects attempts to overwrite domain_id ... [0m[31mFAILED[0m [0m[38;5;245m(6ms)[0m
  domain_id is unchanged after rejected overwrite attempt ...
[0m[38;5;245m------- post-test output -------[0m
I "200 POST /mcp 1ms" {"status":200,"method":"POST","url":"http://localhost:8000/mcp","ms":"1ms"}
[0m[38;5;245m----- post-test output end -----[0m
  domain_id is unchanged after rejected overwrite attempt ... [0m[31mFAILED[0m [0m[38;5;245m(2ms)[0m
  remove_admin_verified_metadata rejects attempts to delete domain_id ...
[0m[38;5;245m------- post-test output -------[0m
I "200 POST /mcp 5ms" {"status":200,"method":"POST","url":"http://localhost:8000/mcp","ms":"5ms"}
[0m[38;5;245m----- post-test output end -----[0m
  remove_admin_verified_metadata rejects attempts to delete domain_id ... [0m[31mFAILED[0m [0m[38;5;245m(6ms)[0m
  domain_id is still present after rejected remove attempt ...
[0m[38;5;245m------- post-test output -------[0m
I "200 POST /mcp 2ms" {"status":200,"method":"POST","url":"http://localhost:8000/mcp","ms":"2ms"}
[0m[38;5;245m----- post-test output end -----[0m
  domain_id is still present after rejected remove attempt ... [0m[31mFAILED[0m [0m[38;5;245m(2ms)[0m
req:account-009 - domain_id is an immutable admin-verified claim ... [0m[31mFAILED[0m (due to 5 failed steps) [0m[38;5;245m(601ms)[0m
[0m[38;5;245mrunning 1 test from ./src/requirements/account/010-domain-id-on-invitations.requirement.test.ts[0m
req:account-010 - Sender domain_id is always included as admin-verified claim on outgoing invitations ...
[0m[38;5;245m------- post-test output -------[0m
I "no mode specified, using default mode web" {"mode":"web","args":[]}
I "grove running mode web" {"mode":"web","args":{"port":8000,"hostname":"0.0.0.0"}}
I "Server starting..." {"port":8000,"hostname":"0.0.0.0"}
I "Listening on http://0.0.0.0:8000" {"port":8000,"hostname":"0.0.0.0"}
Listening on http://0.0.0.0:8000/ (http://localhost:8000/)
I "200 POST /mcp 22ms" {"status":200,"method":"POST","url":"http://localhost:8000/mcp","ms":"22ms"}
I "200 POST /mcp 14ms" {"status":200,"method":"POST","url":"http://localhost:8000/mcp","ms":"14ms"}
[0m[38;5;245m----- post-test output end -----[0m
req:account-010 - Sender domain_id is always included as admin-verified claim on outgoing invitations ... [0m[31mFAILED[0m [0m[38;5;245m(676ms)[0m
[0m[38;5;245mrunning 1 test from ./src/requirements/domain-admin/001-get-domain-identity.requirement.test.ts[0m
req:domain-admin-001 - Domain administrators can retrieve domain identity ...
[0m[38;5;245m------- post-test output -------[0m
I "no mode specified, using default mode web" {"mode":"web","args":[]}
I "grove running mode web" {"mode":"web","args":{"port":8000,"hostname":"0.0.0.0"}}
I "Server starting..." {"port":8000,"hostname":"0.0.0.0"}
I "Listening on http://0.0.0.0:8000" {"port":8000,"hostname":"0.0.0.0"}
Listening on http://0.0.0.0:8000/ (http://localhost:8000/)
[0m[38;5;245m----- post-test output end -----[0m
  server starts and becomes healthy ... [0m[32mok[0m [0m[38;5;245m(1ms)[0m
  domain admin can call get_domain_identity ...
[0m[38;5;245m------- post-test output -------[0m
I "200 POST /mcp 24ms" {"status":200,"method":"POST","url":"http://localhost:8000/mcp","ms":"24ms"}
[0m[38;5;245m----- post-test output end -----[0m
  domain admin can call get_domain_identity ... [0m[32mok[0m [0m[38;5;245m(26ms)[0m
  non-admin user cannot call get_domain_identity ...
[0m[38;5;245m------- post-test output -------[0m
I "200 POST /mcp 13ms" {"status":200,"method":"POST","url":"http://localhost:8000/mcp","ms":"13ms"}
[0m[38;5;245m----- post-test output end -----[0m
  non-admin user cannot call get_domain_identity ... [0m[31mFAILED[0m [0m[38;5;245m(15ms)[0m
req:domain-admin-001 - Domain administrators can retrieve domain identity ... [0m[31mFAILED[0m (due to 1 failed step) [0m[38;5;245m(511ms)[0m
[0m[38;5;245mrunning 1 test from ./src/requirements/domain-admin/002-update-domain-identity.requirement.test.ts[0m
req:domain-admin-002 - Domain administrators can update domain identity fields ...
[0m[38;5;245m------- post-test output -------[0m
I "no mode specified, using default mode web" {"mode":"web","args":[]}
I "grove running mode web" {"mode":"web","args":{"port":8000,"hostname":"0.0.0.0"}}
I "Server starting..." {"port":8000,"hostname":"0.0.0.0"}
I "Listening on http://0.0.0.0:8000" {"port":8000,"hostname":"0.0.0.0"}
Listening on http://0.0.0.0:8000/ (http://localhost:8000/)
[0m[38;5;245m----- post-test output end -----[0m
  server starts and becomes healthy ... [0m[32mok[0m [0m[38;5;245m(0ms)[0m
  domain admin can update identity fields ...
[0m[38;5;245m------- post-test output -------[0m
I "200 POST /mcp 26ms" {"status":200,"method":"POST","url":"http://localhost:8000/mcp","ms":"26ms"}
[0m[38;5;245m----- post-test output end -----[0m
  domain admin can update identity fields ... [0m[32mok[0m [0m[38;5;245m(27ms)[0m
  updated identity is reflected in subsequent reads ...
[0m[38;5;245m------- post-test output -------[0m
I "200 POST /mcp 2ms" {"status":200,"method":"POST","url":"http://localhost:8000/mcp","ms":"2ms"}
[0m[38;5;245m----- post-test output end -----[0m
  updated identity is reflected in subsequent reads ... [0m[32mok[0m [0m[38;5;245m(3ms)[0m
  domain field cannot be changed via update ...
[0m[38;5;245m------- post-test output -------[0m
I "200 POST /mcp 4ms" {"status":200,"method":"POST","url":"http://localhost:8000/mcp","ms":"4ms"}
[0m[38;5;245m----- post-test output end -----[0m
  domain field cannot be changed via update ... [0m[32mok[0m [0m[38;5;245m(5ms)[0m
  non-admin user cannot call update_domain_identity ...
[0m[38;5;245m------- post-test output -------[0m
I "200 POST /mcp 13ms" {"status":200,"method":"POST","url":"http://localhost:8000/mcp","ms":"13ms"}
[0m[38;5;245m----- post-test output end -----[0m
  non-admin user cannot call update_domain_identity ... [0m[31mFAILED[0m [0m[38;5;245m(15ms)[0m
req:domain-admin-002 - Domain administrators can update domain identity fields ... [0m[31mFAILED[0m (due to 1 failed step) [0m[38;5;245m(539ms)[0m
[0m[38;5;245mrunning 1 test from ./src/requirements/domain-admin/003-get-verification-key.requirement.test.ts[0m
req:domain-admin-003 - Domain administrators can retrieve the active verification key ...
[0m[38;5;245m------- post-test output -------[0m
I "no mode specified, using default mode web" {"mode":"web","args":[]}
I "grove running mode web" {"mode":"web","args":{"port":8000,"hostname":"0.0.0.0"}}
I "Server starting..." {"port":8000,"hostname":"0.0.0.0"}
I "Listening on http://0.0.0.0:8000" {"port":8000,"hostname":"0.0.0.0"}
Listening on http://0.0.0.0:8000/ (http://localhost:8000/)
[0m[38;5;245m----- post-test output end -----[0m
  domain admin can call get_verification_key ...
[0m[38;5;245m------- post-test output -------[0m
I "200 POST /mcp 27ms" {"status":200,"method":"POST","url":"http://localhost:8000/mcp","ms":"27ms"}
[0m[38;5;245m----- post-test output end -----[0m
  domain admin can call get_verification_key ... [0m[32mok[0m [0m[38;5;245m(31ms)[0m
  subsequent reads return the same active key ...
[0m[38;5;245m------- post-test output -------[0m
I "200 POST /mcp 2ms" {"status":200,"method":"POST","url":"http://localhost:8000/mcp","ms":"2ms"}
I "200 POST /mcp 2ms" {"status":200,"method":"POST","url":"http://localhost:8000/mcp","ms":"2ms"}
[0m[38;5;245m----- post-test output end -----[0m
  subsequent reads return the same active key ... [0m[32mok[0m [0m[38;5;245m(5ms)[0m
  non-admin user cannot call get_verification_key ...
[0m[38;5;245m------- post-test output -------[0m
I "200 POST /mcp 14ms" {"status":200,"method":"POST","url":"http://localhost:8000/mcp","ms":"14ms"}
[0m[38;5;245m----- post-test output end -----[0m
  non-admin user cannot call get_verification_key ... [0m[31mFAILED[0m [0m[38;5;245m(15ms)[0m
req:domain-admin-003 - Domain administrators can retrieve the active verification key ... [0m[31mFAILED[0m (due to 1 failed step) [0m[38;5;245m(515ms)[0m
[0m[38;5;245mrunning 1 test from ./src/requirements/domain-admin/004-rotate-verification-key.requirement.test.ts[0m
req:domain-admin-004 - Domain administrators can rotate the invitation verification key ...
[0m[38;5;245m------- post-test output -------[0m
I "no mode specified, using default mode web" {"mode":"web","args":[]}
I "grove running mode web" {"mode":"web","args":{"port":8000,"hostname":"0.0.0.0"}}
I "Server starting..." {"port":8000,"hostname":"0.0.0.0"}
I "Listening on http://0.0.0.0:8000" {"port":8000,"hostname":"0.0.0.0"}
Listening on http://0.0.0.0:8000/ (http://localhost:8000/)
[0m[38;5;245m----- post-test output end -----[0m
  domain admin can call rotate_verification_key ...
[0m[38;5;245m------- post-test output -------[0m
I "200 POST /mcp 26ms" {"status":200,"method":"POST","url":"http://localhost:8000/mcp","ms":"26ms"}
[0m[38;5;245m----- post-test output end -----[0m
  domain admin can call rotate_verification_key ... [0m[32mok[0m [0m[38;5;245m(28ms)[0m
  rotation produces a different active key than before ...
[0m[38;5;245m------- post-test output -------[0m
I "200 POST /mcp 2ms" {"status":200,"method":"POST","url":"http://localhost:8000/mcp","ms":"2ms"}
I "200 POST /mcp 11ms" {"status":200,"method":"POST","url":"http://localhost:8000/mcp","ms":"11ms"}
[0m[38;5;245m----- post-test output end -----[0m
  rotation produces a different active key than before ... [0m[32mok[0m [0m[38;5;245m(15ms)[0m
  get_verification_key returns the new key after rotation ...
[0m[38;5;245m------- post-test output -------[0m
I "200 POST /mcp 8ms" {"status":200,"method":"POST","url":"http://localhost:8000/mcp","ms":"8ms"}
I "200 POST /mcp 1ms" {"status":200,"method":"POST","url":"http://localhost:8000/mcp","ms":"1ms"}
[0m[38;5;245m----- post-test output end -----[0m
  get_verification_key returns the new key after rotation ... [0m[32mok[0m [0m[38;5;245m(12ms)[0m
  non-admin user cannot call rotate_verification_key ...
[0m[38;5;245m------- post-test output -------[0m
I "200 POST /mcp 12ms" {"status":200,"method":"POST","url":"http://localhost:8000/mcp","ms":"12ms"}
[0m[38;5;245m----- post-test output end -----[0m
  non-admin user cannot call rotate_verification_key ... [0m[31mFAILED[0m [0m[38;5;245m(13ms)[0m
req:domain-admin-004 - Domain administrators can rotate the invitation verification key ... [0m[31mFAILED[0m (due to 1 failed step) [0m[38;5;245m(632ms)[0m
[0m[38;5;245mrunning 1 test from ./src/requirements/domain-admin/005-list-historical-keys.requirement.test.ts[0m
req:domain-admin-005 - Domain administrators can list archived verification keys ...
[0m[38;5;245m------- post-test output -------[0m
I "no mode specified, using default mode web" {"mode":"web","args":[]}
I "grove running mode web" {"mode":"web","args":{"port":8000,"hostname":"0.0.0.0"}}
I "Server starting..." {"port":8000,"hostname":"0.0.0.0"}
I "Listening on http://0.0.0.0:8000" {"port":8000,"hostname":"0.0.0.0"}
Listening on http://0.0.0.0:8000/ (http://localhost:8000/)
[0m[38;5;245m----- post-test output end -----[0m
  domain admin can list archived keys with metadata ...
[0m[38;5;245m------- post-test output -------[0m
I "200 POST /mcp 27ms" {"status":200,"method":"POST","url":"http://localhost:8000/mcp","ms":"27ms"}
I "200 POST /mcp 9ms" {"status":200,"method":"POST","url":"http://localhost:8000/mcp","ms":"9ms"}
I "200 POST /mcp 3ms" {"status":200,"method":"POST","url":"http://localhost:8000/mcp","ms":"3ms"}
[0m[38;5;245m----- post-test output end -----[0m
  domain admin can list archived keys with metadata ... [0m[32mok[0m [0m[38;5;245m(41ms)[0m
  list_historical_keys supports resume-token pagination ...
[0m[38;5;245m------- post-test output -------[0m
I "200 POST /mcp 12ms" {"status":200,"method":"POST","url":"http://localhost:8000/mcp","ms":"12ms"}
I "200 POST /mcp 10ms" {"status":200,"method":"POST","url":"http://localhost:8000/mcp","ms":"10ms"}
I "200 POST /mcp 9ms" {"status":200,"method":"POST","url":"http://localhost:8000/mcp","ms":"9ms"}
I "200 POST /mcp 2ms" {"status":200,"method":"POST","url":"http://localhost:8000/mcp","ms":"2ms"}
I "200 POST /mcp 2ms" {"status":200,"method":"POST","url":"http://localhost:8000/mcp","ms":"2ms"}
[0m[38;5;245m----- post-test output end -----[0m
  list_historical_keys supports resume-token pagination ... [0m[32mok[0m [0m[38;5;245m(36ms)[0m
  non-admin user cannot call list_historical_keys ...
[0m[38;5;245m------- post-test output -------[0m
I "200 POST /mcp 13ms" {"status":200,"method":"POST","url":"http://localhost:8000/mcp","ms":"13ms"}
[0m[38;5;245m----- post-test output end -----[0m
  non-admin user cannot call list_historical_keys ... [0m[31mFAILED[0m [0m[38;5;245m(15ms)[0m
req:domain-admin-005 - Domain administrators can list archived verification keys ... [0m[31mFAILED[0m (due to 1 failed step) [0m[38;5;245m(686ms)[0m
[0m[38;5;245mrunning 1 test from ./src/requirements/domain-admin/006-delete-historical-key.requirement.test.ts[0m
req:domain-admin-006 - Domain administrators can delete archived verification keys ...
[0m[38;5;245m------- post-test output -------[0m
I "no mode specified, using default mode web" {"mode":"web","args":[]}
I "grove running mode web" {"mode":"web","args":{"port":8000,"hostname":"0.0.0.0"}}
I "Server starting..." {"port":8000,"hostname":"0.0.0.0"}
I "Listening on http://0.0.0.0:8000" {"port":8000,"hostname":"0.0.0.0"}
Listening on http://0.0.0.0:8000/ (http://localhost:8000/)
[0m[38;5;245m----- post-test output end -----[0m
  domain admin can delete a historical key ...
[0m[38;5;245m------- post-test output -------[0m
I "200 POST /mcp 24ms" {"status":200,"method":"POST","url":"http://localhost:8000/mcp","ms":"24ms"}
I "200 POST /mcp 10ms" {"status":200,"method":"POST","url":"http://localhost:8000/mcp","ms":"10ms"}
I "200 POST /mcp 2ms" {"status":200,"method":"POST","url":"http://localhost:8000/mcp","ms":"2ms"}
I "200 POST /mcp 5ms" {"status":200,"method":"POST","url":"http://localhost:8000/mcp","ms":"5ms"}
I "200 POST /mcp 1ms" {"status":200,"method":"POST","url":"http://localhost:8000/mcp","ms":"1ms"}
[0m[38;5;245m----- post-test output end -----[0m
  domain admin can delete a historical key ... [0m[32mok[0m [0m[38;5;245m(48ms)[0m
  non-admin user cannot call delete_historical_key ...
[0m[38;5;245m------- post-test output -------[0m
I "200 POST /mcp 11ms" {"status":200,"method":"POST","url":"http://localhost:8000/mcp","ms":"11ms"}
[0m[38;5;245m----- post-test output end -----[0m
  non-admin user cannot call delete_historical_key ... [0m[31mFAILED[0m [0m[38;5;245m(13ms)[0m
req:domain-admin-006 - Domain administrators can delete archived verification keys ... [0m[31mFAILED[0m (due to 1 failed step) [0m[38;5;245m(337ms)[0m
[0m[38;5;245mrunning 1 test from ./src/requirements/domain-admin/007-list-verifiable-users.requirement.test.ts[0m
req:domain-admin-007 - Domain administrators can list verifiable users ...
[0m[38;5;245m------- post-test output -------[0m
I "no mode specified, using default mode web" {"mode":"web","args":[]}
I "grove running mode web" {"mode":"web","args":{"port":8000,"hostname":"0.0.0.0"}}
I "Server starting..." {"port":8000,"hostname":"0.0.0.0"}
I "Listening on http://0.0.0.0:8000" {"port":8000,"hostname":"0.0.0.0"}
Listening on http://0.0.0.0:8000/ (http://localhost:8000/)
[0m[38;5;245m----- post-test output end -----[0m
  domain admin can list users with verified metadata fields ...
[0m[38;5;245m------- post-test output -------[0m
I "200 POST /mcp 21ms" {"status":200,"method":"POST","url":"http://localhost:8000/mcp","ms":"21ms"}
[0m[38;5;245m----- post-test output end -----[0m
  domain admin can list users with verified metadata fields ... [0m[32mok[0m [0m[38;5;245m(33ms)[0m
  list_verifiable_users supports resume-token pagination ...
[0m[38;5;245m------- post-test output -------[0m
I "200 POST /mcp 12ms" {"status":200,"method":"POST","url":"http://localhost:8000/mcp","ms":"12ms"}
I "200 POST /mcp 2ms" {"status":200,"method":"POST","url":"http://localhost:8000/mcp","ms":"2ms"}
[0m[38;5;245m----- post-test output end -----[0m
  list_verifiable_users supports resume-token pagination ... [0m[32mok[0m [0m[38;5;245m(23ms)[0m
  non-admin user cannot call list_verifiable_users ...
[0m[38;5;245m------- post-test output -------[0m
I "200 POST /mcp 12ms" {"status":200,"method":"POST","url":"http://localhost:8000/mcp","ms":"12ms"}
[0m[38;5;245m----- post-test output end -----[0m
  non-admin user cannot call list_verifiable_users ... [0m[31mFAILED[0m [0m[38;5;245m(14ms)[0m
req:domain-admin-007 - Domain administrators can list verifiable users ... [0m[31mFAILED[0m (due to 1 failed step) [0m[38;5;245m(583ms)[0m
[0m[38;5;245mrunning 1 test from ./src/requirements/domain-admin/008-get-user-verified-metadata.requirement.test.ts[0m
req:domain-admin-008 - Domain administrators can retrieve a user's verified metadata ...
[0m[38;5;245m------- post-test output -------[0m
I "no mode specified, using default mode web" {"mode":"web","args":[]}
I "grove running mode web" {"mode":"web","args":{"port":8000,"hostname":"0.0.0.0"}}
I "Server starting..." {"port":8000,"hostname":"0.0.0.0"}
I "Listening on http://0.0.0.0:8000" {"port":8000,"hostname":"0.0.0.0"}
Listening on http://0.0.0.0:8000/ (http://localhost:8000/)
[0m[38;5;245m----- post-test output end -----[0m
  domain admin can retrieve verified metadata for a target user ...
[0m[38;5;245m------- post-test output -------[0m
I "200 POST /mcp 21ms" {"status":200,"method":"POST","url":"http://localhost:8000/mcp","ms":"21ms"}
[0m[38;5;245m----- post-test output end -----[0m
  domain admin can retrieve verified metadata for a target user ... [0m[32mok[0m [0m[38;5;245m(31ms)[0m
  missing metadata returns a stable error contract ...
[0m[38;5;245m------- post-test output -------[0m
I "200 POST /mcp 3ms" {"status":200,"method":"POST","url":"http://localhost:8000/mcp","ms":"3ms"}
[0m[38;5;245m----- post-test output end -----[0m
  missing metadata returns a stable error contract ... [0m[32mok[0m [0m[38;5;245m(4ms)[0m
  non-admin user cannot call get_user_verified_metadata ...
[0m[38;5;245m------- post-test output -------[0m
I "200 POST /mcp 13ms" {"status":200,"method":"POST","url":"http://localhost:8000/mcp","ms":"13ms"}
[0m[38;5;245m----- post-test output end -----[0m
  non-admin user cannot call get_user_verified_metadata ... [0m[31mFAILED[0m [0m[38;5;245m(15ms)[0m
req:domain-admin-008 - Domain administrators can retrieve a user's verified metadata ... [0m[31mFAILED[0m (due to 1 failed step) [0m[38;5;245m(568ms)[0m
[0m[38;5;245mrunning 1 test from ./src/requirements/domain-admin/009-set-admin-verified-metadata.requirement.test.ts[0m
req:domain-admin-009 - Domain administrators can set admin verified metadata ...
[0m[38;5;245m------- post-test output -------[0m
I "no mode specified, using default mode web" {"mode":"web","args":[]}
I "grove running mode web" {"mode":"web","args":{"port":8000,"hostname":"0.0.0.0"}}
I "Server starting..." {"port":8000,"hostname":"0.0.0.0"}
I "Listening on http://0.0.0.0:8000" {"port":8000,"hostname":"0.0.0.0"}
Listening on http://0.0.0.0:8000/ (http://localhost:8000/)
[0m[38;5;245m----- post-test output end -----[0m
  domain admin can set arbitrary admin metadata for a registered user ...
[0m[38;5;245m------- post-test output -------[0m
I "200 POST /mcp 31ms" {"status":200,"method":"POST","url":"http://localhost:8000/mcp","ms":"31ms"}
I "200 POST /mcp 2ms" {"status":200,"method":"POST","url":"http://localhost:8000/mcp","ms":"2ms"}
I "200 POST /mcp 2ms" {"status":200,"method":"POST","url":"http://localhost:8000/mcp","ms":"2ms"}
[0m[38;5;245m----- post-test output end -----[0m
  domain admin can set arbitrary admin metadata for a registered user ... [0m[32mok[0m [0m[38;5;245m(55ms)[0m
  admin metadata values longer than 512 characters are rejected ...
[0m[38;5;245m------- post-test output -------[0m
I "200 POST /mcp 2ms" {"status":200,"method":"POST","url":"http://localhost:8000/mcp","ms":"2ms"}
[0m[38;5;245m----- post-test output end -----[0m
  admin metadata values longer than 512 characters are rejected ... [0m[32mok[0m [0m[38;5;245m(4ms)[0m
  missing account returns a stable error contract ...
[0m[38;5;245m------- post-test output -------[0m
I "200 POST /mcp 2ms" {"status":200,"method":"POST","url":"http://localhost:8000/mcp","ms":"2ms"}
[0m[38;5;245m----- post-test output end -----[0m
  missing account returns a stable error contract ... [0m[32mok[0m [0m[38;5;245m(3ms)[0m
  non-admin user cannot call set_admin_verified_metadata ...
[0m[38;5;245m------- post-test output -------[0m
I "200 POST /mcp 17ms" {"status":200,"method":"POST","url":"http://localhost:8000/mcp","ms":"17ms"}
[0m[38;5;245m----- post-test output end -----[0m
  non-admin user cannot call set_admin_verified_metadata ... [0m[31mFAILED[0m [0m[38;5;245m(19ms)[0m
req:domain-admin-009 - Domain administrators can set admin verified metadata ... [0m[31mFAILED[0m (due to 1 failed step) [0m[38;5;245m(664ms)[0m
[0m[38;5;245mrunning 1 test from ./src/requirements/domain-admin/010-remove-admin-verified-metadata.requirement.test.ts[0m
req:domain-admin-010 - Domain administrators can remove admin verified metadata ...
[0m[38;5;245m------- post-test output -------[0m
I "no mode specified, using default mode web" {"mode":"web","args":[]}
I "grove running mode web" {"mode":"web","args":{"port":8000,"hostname":"0.0.0.0"}}
I "Server starting..." {"port":8000,"hostname":"0.0.0.0"}
I "Listening on http://0.0.0.0:8000" {"port":8000,"hostname":"0.0.0.0"}
Listening on http://0.0.0.0:8000/ (http://localhost:8000/)
[0m[38;5;245m----- post-test output end -----[0m
  domain admin can remove one admin verified metadata field ...
[0m[38;5;245m------- post-test output -------[0m
I "200 POST /mcp 28ms" {"status":200,"method":"POST","url":"http://localhost:8000/mcp","ms":"28ms"}
I "200 POST /mcp 1ms" {"status":200,"method":"POST","url":"http://localhost:8000/mcp","ms":"1ms"}
[0m[38;5;245m----- post-test output end -----[0m
  domain admin can remove one admin verified metadata field ... [0m[32mok[0m [0m[38;5;245m(47ms)[0m
  missing admin field returns a stable error contract ...
[0m[38;5;245m------- post-test output -------[0m
I "200 POST /mcp 2ms" {"status":200,"method":"POST","url":"http://localhost:8000/mcp","ms":"2ms"}
[0m[38;5;245m----- post-test output end -----[0m
  missing admin field returns a stable error contract ... [0m[32mok[0m [0m[38;5;245m(3ms)[0m
  non-admin user cannot call remove_admin_verified_metadata ...
[0m[38;5;245m------- post-test output -------[0m
I "200 POST /mcp 14ms" {"status":200,"method":"POST","url":"http://localhost:8000/mcp","ms":"14ms"}
[0m[38;5;245m----- post-test output end -----[0m
  non-admin user cannot call remove_admin_verified_metadata ... [0m[31mFAILED[0m [0m[38;5;245m(16ms)[0m
req:domain-admin-010 - Domain administrators can remove admin verified metadata ... [0m[31mFAILED[0m (due to 1 failed step) [0m[38;5;245m(712ms)[0m
[0m[38;5;245mrunning 1 test from ./src/requirements/domain-admin/011-get-contact-policy-url.requirement.test.ts[0m
req:domain-admin-011 - Domain administrators can retrieve contact policy URL ...
[0m[38;5;245m------- post-test output -------[0m
I "no mode specified, using default mode web" {"mode":"web","args":[]}
I "grove running mode web" {"mode":"web","args":{"port":8000,"hostname":"0.0.0.0"}}
I "Server starting..." {"port":8000,"hostname":"0.0.0.0"}
I "Listening on http://0.0.0.0:8000" {"port":8000,"hostname":"0.0.0.0"}
Listening on http://0.0.0.0:8000/ (http://localhost:8000/)
[0m[38;5;245m----- post-test output end -----[0m
  domain admin can retrieve the current contact policy URL ...
[0m[38;5;245m------- post-test output -------[0m
I "200 POST /mcp 26ms" {"status":200,"method":"POST","url":"http://localhost:8000/mcp","ms":"26ms"}
[0m[38;5;245m----- post-test output end -----[0m
  domain admin can retrieve the current contact policy URL ... [0m[32mok[0m [0m[38;5;245m(37ms)[0m
  non-admin user cannot call get_contact_policy_url ...
[0m[38;5;245m------- post-test output -------[0m
I "200 POST /mcp 20ms" {"status":200,"method":"POST","url":"http://localhost:8000/mcp","ms":"20ms"}
[0m[38;5;245m----- post-test output end -----[0m
  non-admin user cannot call get_contact_policy_url ... [0m[31mFAILED[0m [0m[38;5;245m(22ms)[0m
req:domain-admin-011 - Domain administrators can retrieve contact policy URL ... [0m[31mFAILED[0m (due to 1 failed step) [0m[38;5;245m(549ms)[0m
[0m[38;5;245mrunning 1 test from ./src/requirements/domain-admin/012-set-contact-policy-url.requirement.test.ts[0m
req:domain-admin-012 - Domain administrators can set contact policy URL ...
[0m[38;5;245m------- post-test output -------[0m
I "no mode specified, using default mode web" {"mode":"web","args":[]}
I "grove running mode web" {"mode":"web","args":{"port":8000,"hostname":"0.0.0.0"}}
I "Server starting..." {"port":8000,"hostname":"0.0.0.0"}
I "Listening on http://0.0.0.0:8000" {"port":8000,"hostname":"0.0.0.0"}
Listening on http://0.0.0.0:8000/ (http://localhost:8000/)
[0m[38;5;245m----- post-test output end -----[0m
  domain admin can set contact policy URL and read it back ...
[0m[38;5;245m------- post-test output -------[0m
I "200 POST /mcp 34ms" {"status":200,"method":"POST","url":"http://localhost:8000/mcp","ms":"34ms"}
I "200 POST /mcp 2ms" {"status":200,"method":"POST","url":"http://localhost:8000/mcp","ms":"2ms"}
I "200 POST /mcp 2ms" {"status":200,"method":"POST","url":"http://localhost:8000/mcp","ms":"2ms"}
[0m[38;5;245m----- post-test output end -----[0m
  domain admin can set contact policy URL and read it back ... [0m[32mok[0m [0m[38;5;245m(41ms)[0m
  invalid contact policy URL is rejected ...
[0m[38;5;245m------- post-test output -------[0m
I "200 POST /mcp 2ms" {"status":200,"method":"POST","url":"http://localhost:8000/mcp","ms":"2ms"}
[0m[38;5;245m----- post-test output end -----[0m
  invalid contact policy URL is rejected ... [0m[31mFAILED[0m [0m[38;5;245m(3ms)[0m
  non-admin user cannot call set_contact_policy_url ...
[0m[38;5;245m------- post-test output -------[0m
I "200 POST /mcp 19ms" {"status":200,"method":"POST","url":"http://localhost:8000/mcp","ms":"19ms"}
[0m[38;5;245m----- post-test output end -----[0m
  non-admin user cannot call set_contact_policy_url ... [0m[31mFAILED[0m [0m[38;5;245m(20ms)[0m
req:domain-admin-012 - Domain administrators can set contact policy URL ... [0m[31mFAILED[0m (due to 2 failed steps) [0m[38;5;245m(739ms)[0m

[0m[1m[37m[41m ERRORS [0m

req:account-008 - Accounts are assigned an immutable domain_id at creation ... account has a domain_id in admin_verified_fields after provisioning [0m[38;5;245m=> ./src/requirements/account/008-domain-id-assignment.requirement.test.ts:27:17[0m
[0m[1m[31merror[0m: AssertionError: Expected actual: "undefined" to not be null or undefined: domain_id should be present in admin_verified_fields
    throw new AssertionError(msg);
[0m[31m          ^[0m
    at [0m[1m[3massertExists[0m ([0m[36mhttps://jsr.io/@std/assert/1.0.19/exists.ts[0m:[0m[33m29[0m:[0m[33m11[0m)
    at [0m[2m[38;5;245mfile:///home/justin/code/github.com/justinmchase/real-polite-protocol/[0m[0m[36msrc/requirements/account/008-domain-id-assignment.requirement.test.ts[0m:[0m[33m40[0m:[0m[33m11[0m
    [0m[2m[38;5;245mat [0m[0m[2m[38;5;245masync [0m[0m[2m[38;5;245minnerWrapped[0m[0m[2m[38;5;245m ([0m[0m[2m[38;5;245mext:cli/40_test.js[0m[0m[2m[38;5;245m:[0m[0m[2m[38;5;245m230[0m[0m[2m[38;5;245m:[0m[0m[2m[38;5;245m5[0m[0m[2m[38;5;245m)[0m
    [0m[2m[38;5;245mat [0m[0m[2m[38;5;245masync [0m[0m[2m[38;5;245mexitSanitizer[0m[0m[2m[38;5;245m ([0m[0m[2m[38;5;245mext:cli/40_test.js[0m[0m[2m[38;5;245m:[0m[0m[2m[38;5;245m146[0m[0m[2m[38;5;245m:[0m[0m[2m[38;5;245m27[0m[0m[2m[38;5;245m)[0m
    [0m[2m[38;5;245mat [0m[0m[2m[38;5;245masync [0m[0m[2m[38;5;245mObject.outerWrapped [as fn][0m[0m[2m[38;5;245m ([0m[0m[2m[38;5;245mext:cli/40_test.js[0m[0m[2m[38;5;245m:[0m[0m[2m[38;5;245m173[0m[0m[2m[38;5;245m:[0m[0m[2m[38;5;245m14[0m[0m[2m[38;5;245m)[0m
    [0m[2m[38;5;245mat [0m[0m[2m[38;5;245masync [0m[0m[2m[38;5;245mTestContext.step[0m[0m[2m[38;5;245m ([0m[0m[2m[38;5;245mext:cli/40_test.js[0m[0m[2m[38;5;245m:[0m[0m[2m[38;5;245m564[0m[0m[2m[38;5;245m:[0m[0m[2m[38;5;245m22[0m[0m[2m[38;5;245m)[0m
    at async [0m[2m[38;5;245mfile:///home/justin/code/github.com/justinmchase/real-polite-protocol/[0m[0m[36msrc/requirements/account/008-domain-id-assignment.requirement.test.ts[0m:[0m[33m27[0m:[0m[33m9[0m
    at async [0m[1m[3mwithStartedServer[0m ([0m[2m[38;5;245mfile:///home/justin/code/github.com/justinmchase/real-polite-protocol/[0m[0m[36msrc/requirements/test-helpers.ts[0m:[0m[33m56[0m:[0m[33m5[0m)
    at async [0m[2m[38;5;245mfile:///home/justin/code/github.com/justinmchase/real-polite-protocol/[0m[0m[36msrc/requirements/account/008-domain-id-assignment.requirement.test.ts[0m:[0m[33m13[0m:[0m[33m7[0m
    at async [0m[1m[3mwithAuthTestContext[0m ([0m[2m[38;5;245mfile:///home/justin/code/github.com/justinmchase/real-polite-protocol/[0m[0m[36msrc/requirements/mcp/auth/test-helpers.ts[0m:[0m[33m110[0m:[0m[33m5[0m)

req:account-008 - Accounts are assigned an immutable domain_id at creation ... domain_id is distinct from the account oid [0m[38;5;245m=> ./src/requirements/account/008-domain-id-assignment.requirement.test.ts:48:17[0m
[0m[1m[31merror[0m: AssertionError: Expected actual: "undefined" to not be null or undefined.
    throw new AssertionError(msg);
[0m[31m          ^[0m
    at [0m[1m[3massertExists[0m ([0m[36mhttps://jsr.io/@std/assert/1.0.19/exists.ts[0m:[0m[33m29[0m:[0m[33m11[0m)
    at [0m[2m[38;5;245mfile:///home/justin/code/github.com/justinmchase/real-polite-protocol/[0m[0m[36msrc/requirements/account/008-domain-id-assignment.requirement.test.ts[0m:[0m[33m58[0m:[0m[33m11[0m
    [0m[2m[38;5;245mat [0m[0m[2m[38;5;245masync [0m[0m[2m[38;5;245minnerWrapped[0m[0m[2m[38;5;245m ([0m[0m[2m[38;5;245mext:cli/40_test.js[0m[0m[2m[38;5;245m:[0m[0m[2m[38;5;245m230[0m[0m[2m[38;5;245m:[0m[0m[2m[38;5;245m5[0m[0m[2m[38;5;245m)[0m
    [0m[2m[38;5;245mat [0m[0m[2m[38;5;245masync [0m[0m[2m[38;5;245mexitSanitizer[0m[0m[2m[38;5;245m ([0m[0m[2m[38;5;245mext:cli/40_test.js[0m[0m[2m[38;5;245m:[0m[0m[2m[38;5;245m146[0m[0m[2m[38;5;245m:[0m[0m[2m[38;5;245m27[0m[0m[2m[38;5;245m)[0m
    [0m[2m[38;5;245mat [0m[0m[2m[38;5;245masync [0m[0m[2m[38;5;245mObject.outerWrapped [as fn][0m[0m[2m[38;5;245m ([0m[0m[2m[38;5;245mext:cli/40_test.js[0m[0m[2m[38;5;245m:[0m[0m[2m[38;5;245m173[0m[0m[2m[38;5;245m:[0m[0m[2m[38;5;245m14[0m[0m[2m[38;5;245m)[0m
    [0m[2m[38;5;245mat [0m[0m[2m[38;5;245masync [0m[0m[2m[38;5;245mTestContext.step[0m[0m[2m[38;5;245m ([0m[0m[2m[38;5;245mext:cli/40_test.js[0m[0m[2m[38;5;245m:[0m[0m[2m[38;5;245m564[0m[0m[2m[38;5;245m:[0m[0m[2m[38;5;245m22[0m[0m[2m[38;5;245m)[0m
    at async [0m[2m[38;5;245mfile:///home/justin/code/github.com/justinmchase/real-polite-protocol/[0m[0m[36msrc/requirements/account/008-domain-id-assignment.requirement.test.ts[0m:[0m[33m48[0m:[0m[33m9[0m
    at async [0m[1m[3mwithStartedServer[0m ([0m[2m[38;5;245mfile:///home/justin/code/github.com/justinmchase/real-polite-protocol/[0m[0m[36msrc/requirements/test-helpers.ts[0m:[0m[33m56[0m:[0m[33m5[0m)
    at async [0m[2m[38;5;245mfile:///home/justin/code/github.com/justinmchase/real-polite-protocol/[0m[0m[36msrc/requirements/account/008-domain-id-assignment.requirement.test.ts[0m:[0m[33m13[0m:[0m[33m7[0m
    at async [0m[1m[3mwithAuthTestContext[0m ([0m[2m[38;5;245mfile:///home/justin/code/github.com/justinmchase/real-polite-protocol/[0m[0m[36msrc/requirements/mcp/auth/test-helpers.ts[0m:[0m[33m110[0m:[0m[33m5[0m)

req:account-009 - domain_id is an immutable admin-verified claim ... domain_id appears in admin_verified_fields and verified_fields [0m[38;5;245m=> ./src/requirements/account/009-domain-id-admin-claim.requirement.test.ts:32:17[0m
[0m[1m[31merror[0m: AssertionError: Expected actual: "undefined" to not be null or undefined.
    throw new AssertionError(msg);
[0m[31m          ^[0m
    at [0m[1m[3massertExists[0m ([0m[36mhttps://jsr.io/@std/assert/1.0.19/exists.ts[0m:[0m[33m29[0m:[0m[33m11[0m)
    at [0m[2m[38;5;245mfile:///home/justin/code/github.com/justinmchase/real-polite-protocol/[0m[0m[36msrc/requirements/account/009-domain-id-admin-claim.requirement.test.ts[0m:[0m[33m43[0m:[0m[33m11[0m
    [0m[2m[38;5;245mat [0m[0m[2m[38;5;245masync [0m[0m[2m[38;5;245minnerWrapped[0m[0m[2m[38;5;245m ([0m[0m[2m[38;5;245mext:cli/40_test.js[0m[0m[2m[38;5;245m:[0m[0m[2m[38;5;245m230[0m[0m[2m[38;5;245m:[0m[0m[2m[38;5;245m5[0m[0m[2m[38;5;245m)[0m
    [0m[2m[38;5;245mat [0m[0m[2m[38;5;245masync [0m[0m[2m[38;5;245mexitSanitizer[0m[0m[2m[38;5;245m ([0m[0m[2m[38;5;245mext:cli/40_test.js[0m[0m[2m[38;5;245m:[0m[0m[2m[38;5;245m146[0m[0m[2m[38;5;245m:[0m[0m[2m[38;5;245m27[0m[0m[2m[38;5;245m)[0m
    [0m[2m[38;5;245mat [0m[0m[2m[38;5;245masync [0m[0m[2m[38;5;245mObject.outerWrapped [as fn][0m[0m[2m[38;5;245m ([0m[0m[2m[38;5;245mext:cli/40_test.js[0m[0m[2m[38;5;245m:[0m[0m[2m[38;5;245m173[0m[0m[2m[38;5;245m:[0m[0m[2m[38;5;245m14[0m[0m[2m[38;5;245m)[0m
    [0m[2m[38;5;245mat [0m[0m[2m[38;5;245masync [0m[0m[2m[38;5;245mTestContext.step[0m[0m[2m[38;5;245m ([0m[0m[2m[38;5;245mext:cli/40_test.js[0m[0m[2m[38;5;245m:[0m[0m[2m[38;5;245m564[0m[0m[2m[38;5;245m:[0m[0m[2m[38;5;245m22[0m[0m[2m[38;5;245m)[0m
    at async [0m[2m[38;5;245mfile:///home/justin/code/github.com/justinmchase/real-polite-protocol/[0m[0m[36msrc/requirements/account/009-domain-id-admin-claim.requirement.test.ts[0m:[0m[33m32[0m:[0m[33m9[0m
    at async [0m[1m[3mwithStartedServer[0m ([0m[2m[38;5;245mfile:///home/justin/code/github.com/justinmchase/real-polite-protocol/[0m[0m[36msrc/requirements/test-helpers.ts[0m:[0m[33m56[0m:[0m[33m5[0m)
    at async [0m[2m[38;5;245mfile:///home/justin/code/github.com/justinmchase/real-polite-protocol/[0m[0m[36msrc/requirements/account/009-domain-id-admin-claim.requirement.test.ts[0m:[0m[33m13[0m:[0m[33m7[0m
    at async [0m[1m[3mwithAuthTestContext[0m ([0m[2m[38;5;245mfile:///home/justin/code/github.com/justinmchase/real-polite-protocol/[0m[0m[36msrc/requirements/mcp/auth/test-helpers.ts[0m:[0m[33m110[0m:[0m[33m5[0m)

req:account-009 - domain_id is an immutable admin-verified claim ... set_admin_verified_metadata rejects attempts to overwrite domain_id [0m[38;5;245m=> ./src/requirements/account/009-domain-id-admin-claim.requirement.test.ts:48:17[0m
[0m[1m[31merror[0m: AssertionError: Values are not equal.


    [90m[1m[Diff][22m[39m [31m[1mActual[22m[39m / [32m[1mExpected[22m[39m


[31m[1m-   undefined[22m[39m
[32m[1m+   true[22m[39m

  throw new AssertionError(message);
[0m[31m        ^[0m
    at [0m[1m[3massertEquals[0m ([0m[36mhttps://jsr.io/@std/assert/1.0.19/equals.ts[0m:[0m[33m67[0m:[0m[33m9[0m)
    at [0m[2m[38;5;245mfile:///home/justin/code/github.com/justinmchase/real-polite-protocol/[0m[0m[36msrc/requirements/account/009-domain-id-admin-claim.requirement.test.ts[0m:[0m[33m56[0m:[0m[33m11[0m
    [0m[2m[38;5;245mat [0m[0m[2m[38;5;245masync [0m[0m[2m[38;5;245minnerWrapped[0m[0m[2m[38;5;245m ([0m[0m[2m[38;5;245mext:cli/40_test.js[0m[0m[2m[38;5;245m:[0m[0m[2m[38;5;245m230[0m[0m[2m[38;5;245m:[0m[0m[2m[38;5;245m5[0m[0m[2m[38;5;245m)[0m
    [0m[2m[38;5;245mat [0m[0m[2m[38;5;245masync [0m[0m[2m[38;5;245mexitSanitizer[0m[0m[2m[38;5;245m ([0m[0m[2m[38;5;245mext:cli/40_test.js[0m[0m[2m[38;5;245m:[0m[0m[2m[38;5;245m146[0m[0m[2m[38;5;245m:[0m[0m[2m[38;5;245m27[0m[0m[2m[38;5;245m)[0m
    [0m[2m[38;5;245mat [0m[0m[2m[38;5;245masync [0m[0m[2m[38;5;245mObject.outerWrapped [as fn][0m[0m[2m[38;5;245m ([0m[0m[2m[38;5;245mext:cli/40_test.js[0m[0m[2m[38;5;245m:[0m[0m[2m[38;5;245m173[0m[0m[2m[38;5;245m:[0m[0m[2m[38;5;245m14[0m[0m[2m[38;5;245m)[0m
    [0m[2m[38;5;245mat [0m[0m[2m[38;5;245masync [0m[0m[2m[38;5;245mTestContext.step[0m[0m[2m[38;5;245m ([0m[0m[2m[38;5;245mext:cli/40_test.js[0m[0m[2m[38;5;245m:[0m[0m[2m[38;5;245m564[0m[0m[2m[38;5;245m:[0m[0m[2m[38;5;245m22[0m[0m[2m[38;5;245m)[0m
    at async [0m[2m[38;5;245mfile:///home/justin/code/github.com/justinmchase/real-polite-protocol/[0m[0m[36msrc/requirements/account/009-domain-id-admin-claim.requirement.test.ts[0m:[0m[33m48[0m:[0m[33m9[0m
    at async [0m[1m[3mwithStartedServer[0m ([0m[2m[38;5;245mfile:///home/justin/code/github.com/justinmchase/real-polite-protocol/[0m[0m[36msrc/requirements/test-helpers.ts[0m:[0m[33m56[0m:[0m[33m5[0m)
    at async [0m[2m[38;5;245mfile:///home/justin/code/github.com/justinmchase/real-polite-protocol/[0m[0m[36msrc/requirements/account/009-domain-id-admin-claim.requirement.test.ts[0m:[0m[33m13[0m:[0m[33m7[0m
    at async [0m[1m[3mwithAuthTestContext[0m ([0m[2m[38;5;245mfile:///home/justin/code/github.com/justinmchase/real-polite-protocol/[0m[0m[36msrc/requirements/mcp/auth/test-helpers.ts[0m:[0m[33m110[0m:[0m[33m5[0m)

req:account-009 - domain_id is an immutable admin-verified claim ... domain_id is unchanged after rejected overwrite attempt [0m[38;5;245m=> ./src/requirements/account/009-domain-id-admin-claim.requirement.test.ts:59:17[0m
[0m[1m[31merror[0m: AssertionError: Values are not equal: domain_id must be unchanged after rejected overwrite


    [90m[1m[Diff][22m[39m [31m[1mActual[22m[39m / [32m[1mExpected[22m[39m


[31m[1m-   "attacker-chosen-id"[22m[39m
[32m[1m+   undefined[22m[39m

  throw new AssertionError(message);
[0m[31m        ^[0m
    at [0m[1m[3massertEquals[0m ([0m[36mhttps://jsr.io/@std/assert/1.0.19/equals.ts[0m:[0m[33m67[0m:[0m[33m9[0m)
    at [0m[2m[38;5;245mfile:///home/justin/code/github.com/justinmchase/real-polite-protocol/[0m[0m[36msrc/requirements/account/009-domain-id-admin-claim.requirement.test.ts[0m:[0m[33m68[0m:[0m[33m11[0m
    [0m[2m[38;5;245mat [0m[0m[2m[38;5;245masync [0m[0m[2m[38;5;245minnerWrapped[0m[0m[2m[38;5;245m ([0m[0m[2m[38;5;245mext:cli/40_test.js[0m[0m[2m[38;5;245m:[0m[0m[2m[38;5;245m230[0m[0m[2m[38;5;245m:[0m[0m[2m[38;5;245m5[0m[0m[2m[38;5;245m)[0m
    [0m[2m[38;5;245mat [0m[0m[2m[38;5;245masync [0m[0m[2m[38;5;245mexitSanitizer[0m[0m[2m[38;5;245m ([0m[0m[2m[38;5;245mext:cli/40_test.js[0m[0m[2m[38;5;245m:[0m[0m[2m[38;5;245m146[0m[0m[2m[38;5;245m:[0m[0m[2m[38;5;245m27[0m[0m[2m[38;5;245m)[0m
    [0m[2m[38;5;245mat [0m[0m[2m[38;5;245masync [0m[0m[2m[38;5;245mObject.outerWrapped [as fn][0m[0m[2m[38;5;245m ([0m[0m[2m[38;5;245mext:cli/40_test.js[0m[0m[2m[38;5;245m:[0m[0m[2m[38;5;245m173[0m[0m[2m[38;5;245m:[0m[0m[2m[38;5;245m14[0m[0m[2m[38;5;245m)[0m
    [0m[2m[38;5;245mat [0m[0m[2m[38;5;245masync [0m[0m[2m[38;5;245mTestContext.step[0m[0m[2m[38;5;245m ([0m[0m[2m[38;5;245mext:cli/40_test.js[0m[0m[2m[38;5;245m:[0m[0m[2m[38;5;245m564[0m[0m[2m[38;5;245m:[0m[0m[2m[38;5;245m22[0m[0m[2m[38;5;245m)[0m
    at async [0m[2m[38;5;245mfile:///home/justin/code/github.com/justinmchase/real-polite-protocol/[0m[0m[36msrc/requirements/account/009-domain-id-admin-claim.requirement.test.ts[0m:[0m[33m59[0m:[0m[33m9[0m
    at async [0m[1m[3mwithStartedServer[0m ([0m[2m[38;5;245mfile:///home/justin/code/github.com/justinmchase/real-polite-protocol/[0m[0m[36msrc/requirements/test-helpers.ts[0m:[0m[33m56[0m:[0m[33m5[0m)
    at async [0m[2m[38;5;245mfile:///home/justin/code/github.com/justinmchase/real-polite-protocol/[0m[0m[36msrc/requirements/account/009-domain-id-admin-claim.requirement.test.ts[0m:[0m[33m13[0m:[0m[33m7[0m
    at async [0m[1m[3mwithAuthTestContext[0m ([0m[2m[38;5;245mfile:///home/justin/code/github.com/justinmchase/real-polite-protocol/[0m[0m[36msrc/requirements/mcp/auth/test-helpers.ts[0m:[0m[33m110[0m:[0m[33m5[0m)

req:account-009 - domain_id is an immutable admin-verified claim ... remove_admin_verified_metadata rejects attempts to delete domain_id [0m[38;5;245m=> ./src/requirements/account/009-domain-id-admin-claim.requirement.test.ts:75:17[0m
[0m[1m[31merror[0m: AssertionError: Values are not equal.


    [90m[1m[Diff][22m[39m [31m[1mActual[22m[39m / [32m[1mExpected[22m[39m


[31m[1m-   undefined[22m[39m
[32m[1m+   true[22m[39m

  throw new AssertionError(message);
[0m[31m        ^[0m
    at [0m[1m[3massertEquals[0m ([0m[36mhttps://jsr.io/@std/assert/1.0.19/equals.ts[0m:[0m[33m67[0m:[0m[33m9[0m)
    at [0m[2m[38;5;245mfile:///home/justin/code/github.com/justinmchase/real-polite-protocol/[0m[0m[36msrc/requirements/account/009-domain-id-admin-claim.requirement.test.ts[0m:[0m[33m82[0m:[0m[33m11[0m
    [0m[2m[38;5;245mat [0m[0m[2m[38;5;245masync [0m[0m[2m[38;5;245minnerWrapped[0m[0m[2m[38;5;245m ([0m[0m[2m[38;5;245mext:cli/40_test.js[0m[0m[2m[38;5;245m:[0m[0m[2m[38;5;245m230[0m[0m[2m[38;5;245m:[0m[0m[2m[38;5;245m5[0m[0m[2m[38;5;245m)[0m
    [0m[2m[38;5;245mat [0m[0m[2m[38;5;245masync [0m[0m[2m[38;5;245mexitSanitizer[0m[0m[2m[38;5;245m ([0m[0m[2m[38;5;245mext:cli/40_test.js[0m[0m[2m[38;5;245m:[0m[0m[2m[38;5;245m146[0m[0m[2m[38;5;245m:[0m[0m[2m[38;5;245m27[0m[0m[2m[38;5;245m)[0m
    [0m[2m[38;5;245mat [0m[0m[2m[38;5;245masync [0m[0m[2m[38;5;245mObject.outerWrapped [as fn][0m[0m[2m[38;5;245m ([0m[0m[2m[38;5;245mext:cli/40_test.js[0m[0m[2m[38;5;245m:[0m[0m[2m[38;5;245m173[0m[0m[2m[38;5;245m:[0m[0m[2m[38;5;245m14[0m[0m[2m[38;5;245m)[0m
    [0m[2m[38;5;245mat [0m[0m[2m[38;5;245masync [0m[0m[2m[38;5;245mTestContext.step[0m[0m[2m[38;5;245m ([0m[0m[2m[38;5;245mext:cli/40_test.js[0m[0m[2m[38;5;245m:[0m[0m[2m[38;5;245m564[0m[0m[2m[38;5;245m:[0m[0m[2m[38;5;245m22[0m[0m[2m[38;5;245m)[0m
    at async [0m[2m[38;5;245mfile:///home/justin/code/github.com/justinmchase/real-polite-protocol/[0m[0m[36msrc/requirements/account/009-domain-id-admin-claim.requirement.test.ts[0m:[0m[33m75[0m:[0m[33m9[0m
    at async [0m[1m[3mwithStartedServer[0m ([0m[2m[38;5;245mfile:///home/justin/code/github.com/justinmchase/real-polite-protocol/[0m[0m[36msrc/requirements/test-helpers.ts[0m:[0m[33m56[0m:[0m[33m5[0m)
    at async [0m[2m[38;5;245mfile:///home/justin/code/github.com/justinmchase/real-polite-protocol/[0m[0m[36msrc/requirements/account/009-domain-id-admin-claim.requirement.test.ts[0m:[0m[33m13[0m:[0m[33m7[0m
    at async [0m[1m[3mwithAuthTestContext[0m ([0m[2m[38;5;245mfile:///home/justin/code/github.com/justinmchase/real-polite-protocol/[0m[0m[36msrc/requirements/mcp/auth/test-helpers.ts[0m:[0m[33m110[0m:[0m[33m5[0m)

req:account-009 - domain_id is an immutable admin-verified claim ... domain_id is still present after rejected remove attempt [0m[38;5;245m=> ./src/requirements/account/009-domain-id-admin-claim.requirement.test.ts:85:17[0m
[0m[1m[31merror[0m: AssertionError: Expected actual: "undefined" to not be null or undefined: domain_id must still be present after rejected remove
    throw new AssertionError(msg);
[0m[31m          ^[0m
    at [0m[1m[3massertExists[0m ([0m[36mhttps://jsr.io/@std/assert/1.0.19/exists.ts[0m:[0m[33m29[0m:[0m[33m11[0m)
    at [0m[2m[38;5;245mfile:///home/justin/code/github.com/justinmchase/real-polite-protocol/[0m[0m[36msrc/requirements/account/009-domain-id-admin-claim.requirement.test.ts[0m:[0m[33m94[0m:[0m[33m11[0m
    [0m[2m[38;5;245mat [0m[0m[2m[38;5;245masync [0m[0m[2m[38;5;245minnerWrapped[0m[0m[2m[38;5;245m ([0m[0m[2m[38;5;245mext:cli/40_test.js[0m[0m[2m[38;5;245m:[0m[0m[2m[38;5;245m230[0m[0m[2m[38;5;245m:[0m[0m[2m[38;5;245m5[0m[0m[2m[38;5;245m)[0m
    [0m[2m[38;5;245mat [0m[0m[2m[38;5;245masync [0m[0m[2m[38;5;245mexitSanitizer[0m[0m[2m[38;5;245m ([0m[0m[2m[38;5;245mext:cli/40_test.js[0m[0m[2m[38;5;245m:[0m[0m[2m[38;5;245m146[0m[0m[2m[38;5;245m:[0m[0m[2m[38;5;245m27[0m[0m[2m[38;5;245m)[0m
    [0m[2m[38;5;245mat [0m[0m[2m[38;5;245masync [0m[0m[2m[38;5;245mObject.outerWrapped [as fn][0m[0m[2m[38;5;245m ([0m[0m[2m[38;5;245mext:cli/40_test.js[0m[0m[2m[38;5;245m:[0m[0m[2m[38;5;245m173[0m[0m[2m[38;5;245m:[0m[0m[2m[38;5;245m14[0m[0m[2m[38;5;245m)[0m
    [0m[2m[38;5;245mat [0m[0m[2m[38;5;245masync [0m[0m[2m[38;5;245mTestContext.step[0m[0m[2m[38;5;245m ([0m[0m[2m[38;5;245mext:cli/40_test.js[0m[0m[2m[38;5;245m:[0m[0m[2m[38;5;245m564[0m[0m[2m[38;5;245m:[0m[0m[2m[38;5;245m22[0m[0m[2m[38;5;245m)[0m
    at async [0m[2m[38;5;245mfile:///home/justin/code/github.com/justinmchase/real-polite-protocol/[0m[0m[36msrc/requirements/account/009-domain-id-admin-claim.requirement.test.ts[0m:[0m[33m85[0m:[0m[33m9[0m
    at async [0m[1m[3mwithStartedServer[0m ([0m[2m[38;5;245mfile:///home/justin/code/github.com/justinmchase/real-polite-protocol/[0m[0m[36msrc/requirements/test-helpers.ts[0m:[0m[33m56[0m:[0m[33m5[0m)
    at async [0m[2m[38;5;245mfile:///home/justin/code/github.com/justinmchase/real-polite-protocol/[0m[0m[36msrc/requirements/account/009-domain-id-admin-claim.requirement.test.ts[0m:[0m[33m13[0m:[0m[33m7[0m
    at async [0m[1m[3mwithAuthTestContext[0m ([0m[2m[38;5;245mfile:///home/justin/code/github.com/justinmchase/real-polite-protocol/[0m[0m[36msrc/requirements/mcp/auth/test-helpers.ts[0m:[0m[33m110[0m:[0m[33m5[0m)

req:account-010 - Sender domain_id is always included as admin-verified claim on outgoing invitations [0m[38;5;245m=> ./src/requirements/account/010-domain-id-on-invitations.requirement.test.ts:9:6[0m
[0m[1m[31merror[0m: AssertionError: Expected actual: "undefined" to not be null or undefined: sender must have a domain_id to proceed
    throw new AssertionError(msg);
[0m[31m          ^[0m
    at [0m[1m[3massertExists[0m ([0m[36mhttps://jsr.io/@std/assert/1.0.19/exists.ts[0m:[0m[33m29[0m:[0m[33m11[0m)
    at [0m[2m[38;5;245mfile:///home/justin/code/github.com/justinmchase/real-polite-protocol/[0m[0m[36msrc/requirements/account/010-domain-id-on-invitations.requirement.test.ts[0m:[0m[33m42[0m:[0m[33m9[0m
    at async [0m[1m[3mwithStartedServer[0m ([0m[2m[38;5;245mfile:///home/justin/code/github.com/justinmchase/real-polite-protocol/[0m[0m[36msrc/requirements/test-helpers.ts[0m:[0m[33m56[0m:[0m[33m5[0m)
    at async [0m[2m[38;5;245mfile:///home/justin/code/github.com/justinmchase/real-polite-protocol/[0m[0m[36msrc/requirements/account/010-domain-id-on-invitations.requirement.test.ts[0m:[0m[33m13[0m:[0m[33m7[0m
    at async [0m[1m[3mwithAuthTestContext[0m ([0m[2m[38;5;245mfile:///home/justin/code/github.com/justinmchase/real-polite-protocol/[0m[0m[36msrc/requirements/mcp/auth/test-helpers.ts[0m:[0m[33m110[0m:[0m[33m5[0m)
    at async [0m[1m[3mfn[0m ([0m[2m[38;5;245mfile:///home/justin/code/github.com/justinmchase/real-polite-protocol/[0m[0m[36msrc/requirements/account/010-domain-id-on-invitations.requirement.test.ts[0m:[0m[33m12[0m:[0m[33m5[0m)

req:domain-admin-001 - Domain administrators can retrieve domain identity ... non-admin user cannot call get_domain_identity [0m[38;5;245m=> ./src/requirements/domain-admin/001-get-domain-identity.requirement.test.ts:40:17[0m
[0m[1m[31merror[0m: SyntaxError: Unexpected token 'M', "MCP error "... is not valid JSON
  const result = text !== undefined ? JSON.parse(text) as T : undefined;
[0m[31m                                           ^[0m
    at [0m[1m[3mJSON.parse[0m ([0m[36m<anonymous>[0m)
    at [0m[1m[3mcallTool[0m ([0m[2m[38;5;245mfile:///home/justin/code/github.com/justinmchase/real-polite-protocol/[0m[0m[36msrc/requirements/test-helpers.ts[0m:[0m[33m36[0m:[0m[33m44[0m)
    at async [0m[2m[38;5;245mfile:///home/justin/code/github.com/justinmchase/real-polite-protocol/[0m[0m[36msrc/requirements/domain-admin/001-get-domain-identity.requirement.test.ts[0m:[0m[33m49[0m:[0m[33m38[0m
    [0m[2m[38;5;245mat [0m[0m[2m[38;5;245masync [0m[0m[2m[38;5;245minnerWrapped[0m[0m[2m[38;5;245m ([0m[0m[2m[38;5;245mext:cli/40_test.js[0m[0m[2m[38;5;245m:[0m[0m[2m[38;5;245m230[0m[0m[2m[38;5;245m:[0m[0m[2m[38;5;245m5[0m[0m[2m[38;5;245m)[0m
    [0m[2m[38;5;245mat [0m[0m[2m[38;5;245masync [0m[0m[2m[38;5;245mexitSanitizer[0m[0m[2m[38;5;245m ([0m[0m[2m[38;5;245mext:cli/40_test.js[0m[0m[2m[38;5;245m:[0m[0m[2m[38;5;245m146[0m[0m[2m[38;5;245m:[0m[0m[2m[38;5;245m27[0m[0m[2m[38;5;245m)[0m
    [0m[2m[38;5;245mat [0m[0m[2m[38;5;245masync [0m[0m[2m[38;5;245mObject.outerWrapped [as fn][0m[0m[2m[38;5;245m ([0m[0m[2m[38;5;245mext:cli/40_test.js[0m[0m[2m[38;5;245m:[0m[0m[2m[38;5;245m173[0m[0m[2m[38;5;245m:[0m[0m[2m[38;5;245m14[0m[0m[2m[38;5;245m)[0m
    [0m[2m[38;5;245mat [0m[0m[2m[38;5;245masync [0m[0m[2m[38;5;245mTestContext.step[0m[0m[2m[38;5;245m ([0m[0m[2m[38;5;245mext:cli/40_test.js[0m[0m[2m[38;5;245m:[0m[0m[2m[38;5;245m564[0m[0m[2m[38;5;245m:[0m[0m[2m[38;5;245m22[0m[0m[2m[38;5;245m)[0m
    at async [0m[2m[38;5;245mfile:///home/justin/code/github.com/justinmchase/real-polite-protocol/[0m[0m[36msrc/requirements/domain-admin/001-get-domain-identity.requirement.test.ts[0m:[0m[33m40[0m:[0m[33m9[0m
    at async [0m[1m[3mwithStartedServer[0m ([0m[2m[38;5;245mfile:///home/justin/code/github.com/justinmchase/real-polite-protocol/[0m[0m[36msrc/requirements/test-helpers.ts[0m:[0m[33m56[0m:[0m[33m5[0m)
    at async [0m[2m[38;5;245mfile:///home/justin/code/github.com/justinmchase/real-polite-protocol/[0m[0m[36msrc/requirements/domain-admin/001-get-domain-identity.requirement.test.ts[0m:[0m[33m13[0m:[0m[33m7[0m

req:domain-admin-002 - Domain administrators can update domain identity fields ... non-admin user cannot call update_domain_identity [0m[38;5;245m=> ./src/requirements/domain-admin/002-update-domain-identity.requirement.test.ts:104:17[0m
[0m[1m[31merror[0m: SyntaxError: Unexpected token 'M', "MCP error "... is not valid JSON
  const result = text !== undefined ? JSON.parse(text) as T : undefined;
[0m[31m                                           ^[0m
    at [0m[1m[3mJSON.parse[0m ([0m[36m<anonymous>[0m)
    at [0m[1m[3mcallTool[0m ([0m[2m[38;5;245mfile:///home/justin/code/github.com/justinmchase/real-polite-protocol/[0m[0m[36msrc/requirements/test-helpers.ts[0m:[0m[33m36[0m:[0m[33m44[0m)
    at async [0m[2m[38;5;245mfile:///home/justin/code/github.com/justinmchase/real-polite-protocol/[0m[0m[36msrc/requirements/domain-admin/002-update-domain-identity.requirement.test.ts[0m:[0m[33m113[0m:[0m[33m38[0m
    [0m[2m[38;5;245mat [0m[0m[2m[38;5;245masync [0m[0m[2m[38;5;245minnerWrapped[0m[0m[2m[38;5;245m ([0m[0m[2m[38;5;245mext:cli/40_test.js[0m[0m[2m[38;5;245m:[0m[0m[2m[38;5;245m230[0m[0m[2m[38;5;245m:[0m[0m[2m[38;5;245m5[0m[0m[2m[38;5;245m)[0m
    [0m[2m[38;5;245mat [0m[0m[2m[38;5;245masync [0m[0m[2m[38;5;245mexitSanitizer[0m[0m[2m[38;5;245m ([0m[0m[2m[38;5;245mext:cli/40_test.js[0m[0m[2m[38;5;245m:[0m[0m[2m[38;5;245m146[0m[0m[2m[38;5;245m:[0m[0m[2m[38;5;245m27[0m[0m[2m[38;5;245m)[0m
    [0m[2m[38;5;245mat [0m[0m[2m[38;5;245masync [0m[0m[2m[38;5;245mObject.outerWrapped [as fn][0m[0m[2m[38;5;245m ([0m[0m[2m[38;5;245mext:cli/40_test.js[0m[0m[2m[38;5;245m:[0m[0m[2m[38;5;245m173[0m[0m[2m[38;5;245m:[0m[0m[2m[38;5;245m14[0m[0m[2m[38;5;245m)[0m
    [0m[2m[38;5;245mat [0m[0m[2m[38;5;245masync [0m[0m[2m[38;5;245mTestContext.step[0m[0m[2m[38;5;245m ([0m[0m[2m[38;5;245mext:cli/40_test.js[0m[0m[2m[38;5;245m:[0m[0m[2m[38;5;245m564[0m[0m[2m[38;5;245m:[0m[0m[2m[38;5;245m22[0m[0m[2m[38;5;245m)[0m
    at async [0m[2m[38;5;245mfile:///home/justin/code/github.com/justinmchase/real-polite-protocol/[0m[0m[36msrc/requirements/domain-admin/002-update-domain-identity.requirement.test.ts[0m:[0m[33m104[0m:[0m[33m9[0m
    at async [0m[1m[3mwithStartedServer[0m ([0m[2m[38;5;245mfile:///home/justin/code/github.com/justinmchase/real-polite-protocol/[0m[0m[36msrc/requirements/test-helpers.ts[0m:[0m[33m56[0m:[0m[33m5[0m)
    at async [0m[2m[38;5;245mfile:///home/justin/code/github.com/justinmchase/real-polite-protocol/[0m[0m[36msrc/requirements/domain-admin/002-update-domain-identity.requirement.test.ts[0m:[0m[33m13[0m:[0m[33m7[0m

req:domain-admin-003 - Domain administrators can retrieve the active verification key ... non-admin user cannot call get_verification_key [0m[38;5;245m=> ./src/requirements/domain-admin/003-get-verification-key.requirement.test.ts:72:17[0m
[0m[1m[31merror[0m: SyntaxError: Unexpected token 'M', "MCP error "... is not valid JSON
  const result = text !== undefined ? JSON.parse(text) as T : undefined;
[0m[31m                                           ^[0m
    at [0m[1m[3mJSON.parse[0m ([0m[36m<anonymous>[0m)
    at [0m[1m[3mcallTool[0m ([0m[2m[38;5;245mfile:///home/justin/code/github.com/justinmchase/real-polite-protocol/[0m[0m[36msrc/requirements/test-helpers.ts[0m:[0m[33m36[0m:[0m[33m44[0m)
    at async [0m[2m[38;5;245mfile:///home/justin/code/github.com/justinmchase/real-polite-protocol/[0m[0m[36msrc/requirements/domain-admin/003-get-verification-key.requirement.test.ts[0m:[0m[33m81[0m:[0m[33m38[0m
    [0m[2m[38;5;245mat [0m[0m[2m[38;5;245masync [0m[0m[2m[38;5;245minnerWrapped[0m[0m[2m[38;5;245m ([0m[0m[2m[38;5;245mext:cli/40_test.js[0m[0m[2m[38;5;245m:[0m[0m[2m[38;5;245m230[0m[0m[2m[38;5;245m:[0m[0m[2m[38;5;245m5[0m[0m[2m[38;5;245m)[0m
    [0m[2m[38;5;245mat [0m[0m[2m[38;5;245masync [0m[0m[2m[38;5;245mexitSanitizer[0m[0m[2m[38;5;245m ([0m[0m[2m[38;5;245mext:cli/40_test.js[0m[0m[2m[38;5;245m:[0m[0m[2m[38;5;245m146[0m[0m[2m[38;5;245m:[0m[0m[2m[38;5;245m27[0m[0m[2m[38;5;245m)[0m
    [0m[2m[38;5;245mat [0m[0m[2m[38;5;245masync [0m[0m[2m[38;5;245mObject.outerWrapped [as fn][0m[0m[2m[38;5;245m ([0m[0m[2m[38;5;245mext:cli/40_test.js[0m[0m[2m[38;5;245m:[0m[0m[2m[38;5;245m173[0m[0m[2m[38;5;245m:[0m[0m[2m[38;5;245m14[0m[0m[2m[38;5;245m)[0m
    [0m[2m[38;5;245mat [0m[0m[2m[38;5;245masync [0m[0m[2m[38;5;245mTestContext.step[0m[0m[2m[38;5;245m ([0m[0m[2m[38;5;245mext:cli/40_test.js[0m[0m[2m[38;5;245m:[0m[0m[2m[38;5;245m564[0m[0m[2m[38;5;245m:[0m[0m[2m[38;5;245m22[0m[0m[2m[38;5;245m)[0m
    at async [0m[2m[38;5;245mfile:///home/justin/code/github.com/justinmchase/real-polite-protocol/[0m[0m[36msrc/requirements/domain-admin/003-get-verification-key.requirement.test.ts[0m:[0m[33m72[0m:[0m[33m9[0m
    at async [0m[1m[3mwithStartedServer[0m ([0m[2m[38;5;245mfile:///home/justin/code/github.com/justinmchase/real-polite-protocol/[0m[0m[36msrc/requirements/test-helpers.ts[0m:[0m[33m56[0m:[0m[33m5[0m)
    at async [0m[2m[38;5;245mfile:///home/justin/code/github.com/justinmchase/real-polite-protocol/[0m[0m[36msrc/requirements/domain-admin/003-get-verification-key.requirement.test.ts[0m:[0m[33m13[0m:[0m[33m7[0m

req:domain-admin-004 - Domain administrators can rotate the invitation verification key ... non-admin user cannot call rotate_verification_key [0m[38;5;245m=> ./src/requirements/domain-admin/004-rotate-verification-key.requirement.test.ts:116:17[0m
[0m[1m[31merror[0m: SyntaxError: Unexpected token 'M', "MCP error "... is not valid JSON
  const result = text !== undefined ? JSON.parse(text) as T : undefined;
[0m[31m                                           ^[0m
    at [0m[1m[3mJSON.parse[0m ([0m[36m<anonymous>[0m)
    at [0m[1m[3mcallTool[0m ([0m[2m[38;5;245mfile:///home/justin/code/github.com/justinmchase/real-polite-protocol/[0m[0m[36msrc/requirements/test-helpers.ts[0m:[0m[33m36[0m:[0m[33m44[0m)
    at async [0m[2m[38;5;245mfile:///home/justin/code/github.com/justinmchase/real-polite-protocol/[0m[0m[36msrc/requirements/domain-admin/004-rotate-verification-key.requirement.test.ts[0m:[0m[33m125[0m:[0m[33m38[0m
    [0m[2m[38;5;245mat [0m[0m[2m[38;5;245masync [0m[0m[2m[38;5;245minnerWrapped[0m[0m[2m[38;5;245m ([0m[0m[2m[38;5;245mext:cli/40_test.js[0m[0m[2m[38;5;245m:[0m[0m[2m[38;5;245m230[0m[0m[2m[38;5;245m:[0m[0m[2m[38;5;245m5[0m[0m[2m[38;5;245m)[0m
    [0m[2m[38;5;245mat [0m[0m[2m[38;5;245masync [0m[0m[2m[38;5;245mexitSanitizer[0m[0m[2m[38;5;245m ([0m[0m[2m[38;5;245mext:cli/40_test.js[0m[0m[2m[38;5;245m:[0m[0m[2m[38;5;245m146[0m[0m[2m[38;5;245m:[0m[0m[2m[38;5;245m27[0m[0m[2m[38;5;245m)[0m
    [0m[2m[38;5;245mat [0m[0m[2m[38;5;245masync [0m[0m[2m[38;5;245mObject.outerWrapped [as fn][0m[0m[2m[38;5;245m ([0m[0m[2m[38;5;245mext:cli/40_test.js[0m[0m[2m[38;5;245m:[0m[0m[2m[38;5;245m173[0m[0m[2m[38;5;245m:[0m[0m[2m[38;5;245m14[0m[0m[2m[38;5;245m)[0m
    [0m[2m[38;5;245mat [0m[0m[2m[38;5;245masync [0m[0m[2m[38;5;245mTestContext.step[0m[0m[2m[38;5;245m ([0m[0m[2m[38;5;245mext:cli/40_test.js[0m[0m[2m[38;5;245m:[0m[0m[2m[38;5;245m564[0m[0m[2m[38;5;245m:[0m[0m[2m[38;5;245m22[0m[0m[2m[38;5;245m)[0m
    at async [0m[2m[38;5;245mfile:///home/justin/code/github.com/justinmchase/real-polite-protocol/[0m[0m[36msrc/requirements/domain-admin/004-rotate-verification-key.requirement.test.ts[0m:[0m[33m116[0m:[0m[33m9[0m
    at async [0m[1m[3mwithStartedServer[0m ([0m[2m[38;5;245mfile:///home/justin/code/github.com/justinmchase/real-polite-protocol/[0m[0m[36msrc/requirements/test-helpers.ts[0m:[0m[33m56[0m:[0m[33m5[0m)
    at async [0m[2m[38;5;245mfile:///home/justin/code/github.com/justinmchase/real-polite-protocol/[0m[0m[36msrc/requirements/domain-admin/004-rotate-verification-key.requirement.test.ts[0m:[0m[33m13[0m:[0m[33m7[0m

req:domain-admin-005 - Domain administrators can list archived verification keys ... non-admin user cannot call list_historical_keys [0m[38;5;245m=> ./src/requirements/domain-admin/005-list-historical-keys.requirement.test.ts:127:17[0m
[0m[1m[31merror[0m: SyntaxError: Unexpected token 'M', "MCP error "... is not valid JSON
  const result = text !== undefined ? JSON.parse(text) as T : undefined;
[0m[31m                                           ^[0m
    at [0m[1m[3mJSON.parse[0m ([0m[36m<anonymous>[0m)
    at [0m[1m[3mcallTool[0m ([0m[2m[38;5;245mfile:///home/justin/code/github.com/justinmchase/real-polite-protocol/[0m[0m[36msrc/requirements/test-helpers.ts[0m:[0m[33m36[0m:[0m[33m44[0m)
    at async [0m[2m[38;5;245mfile:///home/justin/code/github.com/justinmchase/real-polite-protocol/[0m[0m[36msrc/requirements/domain-admin/005-list-historical-keys.requirement.test.ts[0m:[0m[33m136[0m:[0m[33m38[0m
    [0m[2m[38;5;245mat [0m[0m[2m[38;5;245masync [0m[0m[2m[38;5;245minnerWrapped[0m[0m[2m[38;5;245m ([0m[0m[2m[38;5;245mext:cli/40_test.js[0m[0m[2m[38;5;245m:[0m[0m[2m[38;5;245m230[0m[0m[2m[38;5;245m:[0m[0m[2m[38;5;245m5[0m[0m[2m[38;5;245m)[0m
    [0m[2m[38;5;245mat [0m[0m[2m[38;5;245masync [0m[0m[2m[38;5;245mexitSanitizer[0m[0m[2m[38;5;245m ([0m[0m[2m[38;5;245mext:cli/40_test.js[0m[0m[2m[38;5;245m:[0m[0m[2m[38;5;245m146[0m[0m[2m[38;5;245m:[0m[0m[2m[38;5;245m27[0m[0m[2m[38;5;245m)[0m
    [0m[2m[38;5;245mat [0m[0m[2m[38;5;245masync [0m[0m[2m[38;5;245mObject.outerWrapped [as fn][0m[0m[2m[38;5;245m ([0m[0m[2m[38;5;245mext:cli/40_test.js[0m[0m[2m[38;5;245m:[0m[0m[2m[38;5;245m173[0m[0m[2m[38;5;245m:[0m[0m[2m[38;5;245m14[0m[0m[2m[38;5;245m)[0m
    [0m[2m[38;5;245mat [0m[0m[2m[38;5;245masync [0m[0m[2m[38;5;245mTestContext.step[0m[0m[2m[38;5;245m ([0m[0m[2m[38;5;245mext:cli/40_test.js[0m[0m[2m[38;5;245m:[0m[0m[2m[38;5;245m564[0m[0m[2m[38;5;245m:[0m[0m[2m[38;5;245m22[0m[0m[2m[38;5;245m)[0m
    at async [0m[2m[38;5;245mfile:///home/justin/code/github.com/justinmchase/real-polite-protocol/[0m[0m[36msrc/requirements/domain-admin/005-list-historical-keys.requirement.test.ts[0m:[0m[33m127[0m:[0m[33m9[0m
    at async [0m[1m[3mwithStartedServer[0m ([0m[2m[38;5;245mfile:///home/justin/code/github.com/justinmchase/real-polite-protocol/[0m[0m[36msrc/requirements/test-helpers.ts[0m:[0m[33m56[0m:[0m[33m5[0m)
    at async [0m[2m[38;5;245mfile:///home/justin/code/github.com/justinmchase/real-polite-protocol/[0m[0m[36msrc/requirements/domain-admin/005-list-historical-keys.requirement.test.ts[0m:[0m[33m13[0m:[0m[33m7[0m

req:domain-admin-006 - Domain administrators can delete archived verification keys ... non-admin user cannot call delete_historical_key [0m[38;5;245m=> ./src/requirements/domain-admin/006-delete-historical-key.requirement.test.ts:76:17[0m
[0m[1m[31merror[0m: SyntaxError: Unexpected token 'M', "MCP error "... is not valid JSON
  const result = text !== undefined ? JSON.parse(text) as T : undefined;
[0m[31m                                           ^[0m
    at [0m[1m[3mJSON.parse[0m ([0m[36m<anonymous>[0m)
    at [0m[1m[3mcallTool[0m ([0m[2m[38;5;245mfile:///home/justin/code/github.com/justinmchase/real-polite-protocol/[0m[0m[36msrc/requirements/test-helpers.ts[0m:[0m[33m36[0m:[0m[33m44[0m)
    at async [0m[2m[38;5;245mfile:///home/justin/code/github.com/justinmchase/real-polite-protocol/[0m[0m[36msrc/requirements/domain-admin/006-delete-historical-key.requirement.test.ts[0m:[0m[33m85[0m:[0m[33m38[0m
    [0m[2m[38;5;245mat [0m[0m[2m[38;5;245masync [0m[0m[2m[38;5;245minnerWrapped[0m[0m[2m[38;5;245m ([0m[0m[2m[38;5;245mext:cli/40_test.js[0m[0m[2m[38;5;245m:[0m[0m[2m[38;5;245m230[0m[0m[2m[38;5;245m:[0m[0m[2m[38;5;245m5[0m[0m[2m[38;5;245m)[0m
    [0m[2m[38;5;245mat [0m[0m[2m[38;5;245masync [0m[0m[2m[38;5;245mexitSanitizer[0m[0m[2m[38;5;245m ([0m[0m[2m[38;5;245mext:cli/40_test.js[0m[0m[2m[38;5;245m:[0m[0m[2m[38;5;245m146[0m[0m[2m[38;5;245m:[0m[0m[2m[38;5;245m27[0m[0m[2m[38;5;245m)[0m
    [0m[2m[38;5;245mat [0m[0m[2m[38;5;245masync [0m[0m[2m[38;5;245mObject.outerWrapped [as fn][0m[0m[2m[38;5;245m ([0m[0m[2m[38;5;245mext:cli/40_test.js[0m[0m[2m[38;5;245m:[0m[0m[2m[38;5;245m173[0m[0m[2m[38;5;245m:[0m[0m[2m[38;5;245m14[0m[0m[2m[38;5;245m)[0m
    [0m[2m[38;5;245mat [0m[0m[2m[38;5;245masync [0m[0m[2m[38;5;245mTestContext.step[0m[0m[2m[38;5;245m ([0m[0m[2m[38;5;245mext:cli/40_test.js[0m[0m[2m[38;5;245m:[0m[0m[2m[38;5;245m564[0m[0m[2m[38;5;245m:[0m[0m[2m[38;5;245m22[0m[0m[2m[38;5;245m)[0m
    at async [0m[2m[38;5;245mfile:///home/justin/code/github.com/justinmchase/real-polite-protocol/[0m[0m[36msrc/requirements/domain-admin/006-delete-historical-key.requirement.test.ts[0m:[0m[33m76[0m:[0m[33m9[0m
    at async [0m[1m[3mwithStartedServer[0m ([0m[2m[38;5;245mfile:///home/justin/code/github.com/justinmchase/real-polite-protocol/[0m[0m[36msrc/requirements/test-helpers.ts[0m:[0m[33m56[0m:[0m[33m5[0m)
    at async [0m[2m[38;5;245mfile:///home/justin/code/github.com/justinmchase/real-polite-protocol/[0m[0m[36msrc/requirements/domain-admin/006-delete-historical-key.requirement.test.ts[0m:[0m[33m13[0m:[0m[33m7[0m

req:domain-admin-007 - Domain administrators can list verifiable users ... non-admin user cannot call list_verifiable_users [0m[38;5;245m=> ./src/requirements/domain-admin/007-list-verifiable-users.requirement.test.ts:163:17[0m
[0m[1m[31merror[0m: SyntaxError: Unexpected token 'M', "MCP error "... is not valid JSON
  const result = text !== undefined ? JSON.parse(text) as T : undefined;
[0m[31m                                           ^[0m
    at [0m[1m[3mJSON.parse[0m ([0m[36m<anonymous>[0m)
    at [0m[1m[3mcallTool[0m ([0m[2m[38;5;245mfile:///home/justin/code/github.com/justinmchase/real-polite-protocol/[0m[0m[36msrc/requirements/test-helpers.ts[0m:[0m[33m36[0m:[0m[33m44[0m)
    at async [0m[2m[38;5;245mfile:///home/justin/code/github.com/justinmchase/real-polite-protocol/[0m[0m[36msrc/requirements/domain-admin/007-list-verifiable-users.requirement.test.ts[0m:[0m[33m172[0m:[0m[33m38[0m
    [0m[2m[38;5;245mat [0m[0m[2m[38;5;245masync [0m[0m[2m[38;5;245minnerWrapped[0m[0m[2m[38;5;245m ([0m[0m[2m[38;5;245mext:cli/40_test.js[0m[0m[2m[38;5;245m:[0m[0m[2m[38;5;245m230[0m[0m[2m[38;5;245m:[0m[0m[2m[38;5;245m5[0m[0m[2m[38;5;245m)[0m
    [0m[2m[38;5;245mat [0m[0m[2m[38;5;245masync [0m[0m[2m[38;5;245mexitSanitizer[0m[0m[2m[38;5;245m ([0m[0m[2m[38;5;245mext:cli/40_test.js[0m[0m[2m[38;5;245m:[0m[0m[2m[38;5;245m146[0m[0m[2m[38;5;245m:[0m[0m[2m[38;5;245m27[0m[0m[2m[38;5;245m)[0m
    [0m[2m[38;5;245mat [0m[0m[2m[38;5;245masync [0m[0m[2m[38;5;245mObject.outerWrapped [as fn][0m[0m[2m[38;5;245m ([0m[0m[2m[38;5;245mext:cli/40_test.js[0m[0m[2m[38;5;245m:[0m[0m[2m[38;5;245m173[0m[0m[2m[38;5;245m:[0m[0m[2m[38;5;245m14[0m[0m[2m[38;5;245m)[0m
    [0m[2m[38;5;245mat [0m[0m[2m[38;5;245masync [0m[0m[2m[38;5;245mTestContext.step[0m[0m[2m[38;5;245m ([0m[0m[2m[38;5;245mext:cli/40_test.js[0m[0m[2m[38;5;245m:[0m[0m[2m[38;5;245m564[0m[0m[2m[38;5;245m:[0m[0m[2m[38;5;245m22[0m[0m[2m[38;5;245m)[0m
    at async [0m[2m[38;5;245mfile:///home/justin/code/github.com/justinmchase/real-polite-protocol/[0m[0m[36msrc/requirements/domain-admin/007-list-verifiable-users.requirement.test.ts[0m:[0m[33m163[0m:[0m[33m9[0m
    at async [0m[1m[3mwithStartedServer[0m ([0m[2m[38;5;245mfile:///home/justin/code/github.com/justinmchase/real-polite-protocol/[0m[0m[36msrc/requirements/test-helpers.ts[0m:[0m[33m56[0m:[0m[33m5[0m)
    at async [0m[2m[38;5;245mfile:///home/justin/code/github.com/justinmchase/real-polite-protocol/[0m[0m[36msrc/requirements/domain-admin/007-list-verifiable-users.requirement.test.ts[0m:[0m[33m13[0m:[0m[33m7[0m

req:domain-admin-008 - Domain administrators can retrieve a user's verified metadata ... non-admin user cannot call get_user_verified_metadata [0m[38;5;245m=> ./src/requirements/domain-admin/008-get-user-verified-metadata.requirement.test.ts:131:17[0m
[0m[1m[31merror[0m: SyntaxError: Unexpected token 'M', "MCP error "... is not valid JSON
  const result = text !== undefined ? JSON.parse(text) as T : undefined;
[0m[31m                                           ^[0m
    at [0m[1m[3mJSON.parse[0m ([0m[36m<anonymous>[0m)
    at [0m[1m[3mcallTool[0m ([0m[2m[38;5;245mfile:///home/justin/code/github.com/justinmchase/real-polite-protocol/[0m[0m[36msrc/requirements/test-helpers.ts[0m:[0m[33m36[0m:[0m[33m44[0m)
    at async [0m[2m[38;5;245mfile:///home/justin/code/github.com/justinmchase/real-polite-protocol/[0m[0m[36msrc/requirements/domain-admin/008-get-user-verified-metadata.requirement.test.ts[0m:[0m[33m140[0m:[0m[33m38[0m
    [0m[2m[38;5;245mat [0m[0m[2m[38;5;245masync [0m[0m[2m[38;5;245minnerWrapped[0m[0m[2m[38;5;245m ([0m[0m[2m[38;5;245mext:cli/40_test.js[0m[0m[2m[38;5;245m:[0m[0m[2m[38;5;245m230[0m[0m[2m[38;5;245m:[0m[0m[2m[38;5;245m5[0m[0m[2m[38;5;245m)[0m
    [0m[2m[38;5;245mat [0m[0m[2m[38;5;245masync [0m[0m[2m[38;5;245mexitSanitizer[0m[0m[2m[38;5;245m ([0m[0m[2m[38;5;245mext:cli/40_test.js[0m[0m[2m[38;5;245m:[0m[0m[2m[38;5;245m146[0m[0m[2m[38;5;245m:[0m[0m[2m[38;5;245m27[0m[0m[2m[38;5;245m)[0m
    [0m[2m[38;5;245mat [0m[0m[2m[38;5;245masync [0m[0m[2m[38;5;245mObject.outerWrapped [as fn][0m[0m[2m[38;5;245m ([0m[0m[2m[38;5;245mext:cli/40_test.js[0m[0m[2m[38;5;245m:[0m[0m[2m[38;5;245m173[0m[0m[2m[38;5;245m:[0m[0m[2m[38;5;245m14[0m[0m[2m[38;5;245m)[0m
    [0m[2m[38;5;245mat [0m[0m[2m[38;5;245masync [0m[0m[2m[38;5;245mTestContext.step[0m[0m[2m[38;5;245m ([0m[0m[2m[38;5;245mext:cli/40_test.js[0m[0m[2m[38;5;245m:[0m[0m[2m[38;5;245m564[0m[0m[2m[38;5;245m:[0m[0m[2m[38;5;245m22[0m[0m[2m[38;5;245m)[0m
    at async [0m[2m[38;5;245mfile:///home/justin/code/github.com/justinmchase/real-polite-protocol/[0m[0m[36msrc/requirements/domain-admin/008-get-user-verified-metadata.requirement.test.ts[0m:[0m[33m131[0m:[0m[33m9[0m
    at async [0m[1m[3mwithStartedServer[0m ([0m[2m[38;5;245mfile:///home/justin/code/github.com/justinmchase/real-polite-protocol/[0m[0m[36msrc/requirements/test-helpers.ts[0m:[0m[33m56[0m:[0m[33m5[0m)
    at async [0m[2m[38;5;245mfile:///home/justin/code/github.com/justinmchase/real-polite-protocol/[0m[0m[36msrc/requirements/domain-admin/008-get-user-verified-metadata.requirement.test.ts[0m:[0m[33m13[0m:[0m[33m7[0m

req:domain-admin-009 - Domain administrators can set admin verified metadata ... non-admin user cannot call set_admin_verified_metadata [0m[38;5;245m=> ./src/requirements/domain-admin/009-set-admin-verified-metadata.requirement.test.ts:223:17[0m
[0m[1m[31merror[0m: SyntaxError: Unexpected token 'M', "MCP error "... is not valid JSON
  const result = text !== undefined ? JSON.parse(text) as T : undefined;
[0m[31m                                           ^[0m
    at [0m[1m[3mJSON.parse[0m ([0m[36m<anonymous>[0m)
    at [0m[1m[3mcallTool[0m ([0m[2m[38;5;245mfile:///home/justin/code/github.com/justinmchase/real-polite-protocol/[0m[0m[36msrc/requirements/test-helpers.ts[0m:[0m[33m36[0m:[0m[33m44[0m)
    at async [0m[2m[38;5;245mfile:///home/justin/code/github.com/justinmchase/real-polite-protocol/[0m[0m[36msrc/requirements/domain-admin/009-set-admin-verified-metadata.requirement.test.ts[0m:[0m[33m232[0m:[0m[33m38[0m
    [0m[2m[38;5;245mat [0m[0m[2m[38;5;245masync [0m[0m[2m[38;5;245minnerWrapped[0m[0m[2m[38;5;245m ([0m[0m[2m[38;5;245mext:cli/40_test.js[0m[0m[2m[38;5;245m:[0m[0m[2m[38;5;245m230[0m[0m[2m[38;5;245m:[0m[0m[2m[38;5;245m5[0m[0m[2m[38;5;245m)[0m
    [0m[2m[38;5;245mat [0m[0m[2m[38;5;245masync [0m[0m[2m[38;5;245mexitSanitizer[0m[0m[2m[38;5;245m ([0m[0m[2m[38;5;245mext:cli/40_test.js[0m[0m[2m[38;5;245m:[0m[0m[2m[38;5;245m146[0m[0m[2m[38;5;245m:[0m[0m[2m[38;5;245m27[0m[0m[2m[38;5;245m)[0m
    [0m[2m[38;5;245mat [0m[0m[2m[38;5;245masync [0m[0m[2m[38;5;245mObject.outerWrapped [as fn][0m[0m[2m[38;5;245m ([0m[0m[2m[38;5;245mext:cli/40_test.js[0m[0m[2m[38;5;245m:[0m[0m[2m[38;5;245m173[0m[0m[2m[38;5;245m:[0m[0m[2m[38;5;245m14[0m[0m[2m[38;5;245m)[0m
    [0m[2m[38;5;245mat [0m[0m[2m[38;5;245masync [0m[0m[2m[38;5;245mTestContext.step[0m[0m[2m[38;5;245m ([0m[0m[2m[38;5;245mext:cli/40_test.js[0m[0m[2m[38;5;245m:[0m[0m[2m[38;5;245m564[0m[0m[2m[38;5;245m:[0m[0m[2m[38;5;245m22[0m[0m[2m[38;5;245m)[0m
    at async [0m[2m[38;5;245mfile:///home/justin/code/github.com/justinmchase/real-polite-protocol/[0m[0m[36msrc/requirements/domain-admin/009-set-admin-verified-metadata.requirement.test.ts[0m:[0m[33m223[0m:[0m[33m9[0m
    at async [0m[1m[3mwithStartedServer[0m ([0m[2m[38;5;245mfile:///home/justin/code/github.com/justinmchase/real-polite-protocol/[0m[0m[36msrc/requirements/test-helpers.ts[0m:[0m[33m56[0m:[0m[33m5[0m)
    at async [0m[2m[38;5;245mfile:///home/justin/code/github.com/justinmchase/real-polite-protocol/[0m[0m[36msrc/requirements/domain-admin/009-set-admin-verified-metadata.requirement.test.ts[0m:[0m[33m13[0m:[0m[33m7[0m

req:domain-admin-010 - Domain administrators can remove admin verified metadata ... non-admin user cannot call remove_admin_verified_metadata [0m[38;5;245m=> ./src/requirements/domain-admin/010-remove-admin-verified-metadata.requirement.test.ts:142:17[0m
[0m[1m[31merror[0m: SyntaxError: Unexpected token 'M', "MCP error "... is not valid JSON
  const result = text !== undefined ? JSON.parse(text) as T : undefined;
[0m[31m                                           ^[0m
    at [0m[1m[3mJSON.parse[0m ([0m[36m<anonymous>[0m)
    at [0m[1m[3mcallTool[0m ([0m[2m[38;5;245mfile:///home/justin/code/github.com/justinmchase/real-polite-protocol/[0m[0m[36msrc/requirements/test-helpers.ts[0m:[0m[33m36[0m:[0m[33m44[0m)
    at async [0m[2m[38;5;245mfile:///home/justin/code/github.com/justinmchase/real-polite-protocol/[0m[0m[36msrc/requirements/domain-admin/010-remove-admin-verified-metadata.requirement.test.ts[0m:[0m[33m151[0m:[0m[33m38[0m
    [0m[2m[38;5;245mat [0m[0m[2m[38;5;245masync [0m[0m[2m[38;5;245minnerWrapped[0m[0m[2m[38;5;245m ([0m[0m[2m[38;5;245mext:cli/40_test.js[0m[0m[2m[38;5;245m:[0m[0m[2m[38;5;245m230[0m[0m[2m[38;5;245m:[0m[0m[2m[38;5;245m5[0m[0m[2m[38;5;245m)[0m
    [0m[2m[38;5;245mat [0m[0m[2m[38;5;245masync [0m[0m[2m[38;5;245mexitSanitizer[0m[0m[2m[38;5;245m ([0m[0m[2m[38;5;245mext:cli/40_test.js[0m[0m[2m[38;5;245m:[0m[0m[2m[38;5;245m146[0m[0m[2m[38;5;245m:[0m[0m[2m[38;5;245m27[0m[0m[2m[38;5;245m)[0m
    [0m[2m[38;5;245mat [0m[0m[2m[38;5;245masync [0m[0m[2m[38;5;245mObject.outerWrapped [as fn][0m[0m[2m[38;5;245m ([0m[0m[2m[38;5;245mext:cli/40_test.js[0m[0m[2m[38;5;245m:[0m[0m[2m[38;5;245m173[0m[0m[2m[38;5;245m:[0m[0m[2m[38;5;245m14[0m[0m[2m[38;5;245m)[0m
    [0m[2m[38;5;245mat [0m[0m[2m[38;5;245masync [0m[0m[2m[38;5;245mTestContext.step[0m[0m[2m[38;5;245m ([0m[0m[2m[38;5;245mext:cli/40_test.js[0m[0m[2m[38;5;245m:[0m[0m[2m[38;5;245m564[0m[0m[2m[38;5;245m:[0m[0m[2m[38;5;245m22[0m[0m[2m[38;5;245m)[0m
    at async [0m[2m[38;5;245mfile:///home/justin/code/github.com/justinmchase/real-polite-protocol/[0m[0m[36msrc/requirements/domain-admin/010-remove-admin-verified-metadata.requirement.test.ts[0m:[0m[33m142[0m:[0m[33m9[0m
    at async [0m[1m[3mwithStartedServer[0m ([0m[2m[38;5;245mfile:///home/justin/code/github.com/justinmchase/real-polite-protocol/[0m[0m[36msrc/requirements/test-helpers.ts[0m:[0m[33m56[0m:[0m[33m5[0m)
    at async [0m[2m[38;5;245mfile:///home/justin/code/github.com/justinmchase/real-polite-protocol/[0m[0m[36msrc/requirements/domain-admin/010-remove-admin-verified-metadata.requirement.test.ts[0m:[0m[33m12[0m:[0m[33m7[0m

req:domain-admin-011 - Domain administrators can retrieve contact policy URL ... non-admin user cannot call get_contact_policy_url [0m[38;5;245m=> ./src/requirements/domain-admin/011-get-contact-policy-url.requirement.test.ts:51:17[0m
[0m[1m[31merror[0m: SyntaxError: Unexpected token 'M', "MCP error "... is not valid JSON
  const result = text !== undefined ? JSON.parse(text) as T : undefined;
[0m[31m                                           ^[0m
    at [0m[1m[3mJSON.parse[0m ([0m[36m<anonymous>[0m)
    at [0m[1m[3mcallTool[0m ([0m[2m[38;5;245mfile:///home/justin/code/github.com/justinmchase/real-polite-protocol/[0m[0m[36msrc/requirements/test-helpers.ts[0m:[0m[33m36[0m:[0m[33m44[0m)
    at async [0m[2m[38;5;245mfile:///home/justin/code/github.com/justinmchase/real-polite-protocol/[0m[0m[36msrc/requirements/domain-admin/011-get-contact-policy-url.requirement.test.ts[0m:[0m[33m60[0m:[0m[33m38[0m
    [0m[2m[38;5;245mat [0m[0m[2m[38;5;245masync [0m[0m[2m[38;5;245minnerWrapped[0m[0m[2m[38;5;245m ([0m[0m[2m[38;5;245mext:cli/40_test.js[0m[0m[2m[38;5;245m:[0m[0m[2m[38;5;245m230[0m[0m[2m[38;5;245m:[0m[0m[2m[38;5;245m5[0m[0m[2m[38;5;245m)[0m
    [0m[2m[38;5;245mat [0m[0m[2m[38;5;245masync [0m[0m[2m[38;5;245mexitSanitizer[0m[0m[2m[38;5;245m ([0m[0m[2m[38;5;245mext:cli/40_test.js[0m[0m[2m[38;5;245m:[0m[0m[2m[38;5;245m146[0m[0m[2m[38;5;245m:[0m[0m[2m[38;5;245m27[0m[0m[2m[38;5;245m)[0m
    [0m[2m[38;5;245mat [0m[0m[2m[38;5;245masync [0m[0m[2m[38;5;245mObject.outerWrapped [as fn][0m[0m[2m[38;5;245m ([0m[0m[2m[38;5;245mext:cli/40_test.js[0m[0m[2m[38;5;245m:[0m[0m[2m[38;5;245m173[0m[0m[2m[38;5;245m:[0m[0m[2m[38;5;245m14[0m[0m[2m[38;5;245m)[0m
    [0m[2m[38;5;245mat [0m[0m[2m[38;5;245masync [0m[0m[2m[38;5;245mTestContext.step[0m[0m[2m[38;5;245m ([0m[0m[2m[38;5;245mext:cli/40_test.js[0m[0m[2m[38;5;245m:[0m[0m[2m[38;5;245m564[0m[0m[2m[38;5;245m:[0m[0m[2m[38;5;245m22[0m[0m[2m[38;5;245m)[0m
    at async [0m[2m[38;5;245mfile:///home/justin/code/github.com/justinmchase/real-polite-protocol/[0m[0m[36msrc/requirements/domain-admin/011-get-contact-policy-url.requirement.test.ts[0m:[0m[33m51[0m:[0m[33m9[0m
    at async [0m[1m[3mwithStartedServer[0m ([0m[2m[38;5;245mfile:///home/justin/code/github.com/justinmchase/real-polite-protocol/[0m[0m[36msrc/requirements/test-helpers.ts[0m:[0m[33m56[0m:[0m[33m5[0m)
    at async [0m[2m[38;5;245mfile:///home/justin/code/github.com/justinmchase/real-polite-protocol/[0m[0m[36msrc/requirements/domain-admin/011-get-contact-policy-url.requirement.test.ts[0m:[0m[33m12[0m:[0m[33m7[0m

req:domain-admin-012 - Domain administrators can set contact policy URL ... invalid contact policy URL is rejected [0m[38;5;245m=> ./src/requirements/domain-admin/012-set-contact-policy-url.requirement.test.ts:69:17[0m
[0m[1m[31merror[0m: SyntaxError: Unexpected token 'M', "MCP error "... is not valid JSON
  const result = text !== undefined ? JSON.parse(text) as T : undefined;
[0m[31m                                           ^[0m
    at [0m[1m[3mJSON.parse[0m ([0m[36m<anonymous>[0m)
    at [0m[1m[3mcallTool[0m ([0m[2m[38;5;245mfile:///home/justin/code/github.com/justinmchase/real-polite-protocol/[0m[0m[36msrc/requirements/test-helpers.ts[0m:[0m[33m36[0m:[0m[33m44[0m)
    at async [0m[2m[38;5;245mfile:///home/justin/code/github.com/justinmchase/real-polite-protocol/[0m[0m[36msrc/requirements/domain-admin/012-set-contact-policy-url.requirement.test.ts[0m:[0m[33m78[0m:[0m[33m38[0m
    [0m[2m[38;5;245mat [0m[0m[2m[38;5;245masync [0m[0m[2m[38;5;245minnerWrapped[0m[0m[2m[38;5;245m ([0m[0m[2m[38;5;245mext:cli/40_test.js[0m[0m[2m[38;5;245m:[0m[0m[2m[38;5;245m230[0m[0m[2m[38;5;245m:[0m[0m[2m[38;5;245m5[0m[0m[2m[38;5;245m)[0m
    [0m[2m[38;5;245mat [0m[0m[2m[38;5;245masync [0m[0m[2m[38;5;245mexitSanitizer[0m[0m[2m[38;5;245m ([0m[0m[2m[38;5;245mext:cli/40_test.js[0m[0m[2m[38;5;245m:[0m[0m[2m[38;5;245m146[0m[0m[2m[38;5;245m:[0m[0m[2m[38;5;245m27[0m[0m[2m[38;5;245m)[0m
    [0m[2m[38;5;245mat [0m[0m[2m[38;5;245masync [0m[0m[2m[38;5;245mObject.outerWrapped [as fn][0m[0m[2m[38;5;245m ([0m[0m[2m[38;5;245mext:cli/40_test.js[0m[0m[2m[38;5;245m:[0m[0m[2m[38;5;245m173[0m[0m[2m[38;5;245m:[0m[0m[2m[38;5;245m14[0m[0m[2m[38;5;245m)[0m
    [0m[2m[38;5;245mat [0m[0m[2m[38;5;245masync [0m[0m[2m[38;5;245mTestContext.step[0m[0m[2m[38;5;245m ([0m[0m[2m[38;5;245mext:cli/40_test.js[0m[0m[2m[38;5;245m:[0m[0m[2m[38;5;245m564[0m[0m[2m[38;5;245m:[0m[0m[2m[38;5;245m22[0m[0m[2m[38;5;245m)[0m
    at async [0m[2m[38;5;245mfile:///home/justin/code/github.com/justinmchase/real-polite-protocol/[0m[0m[36msrc/requirements/domain-admin/012-set-contact-policy-url.requirement.test.ts[0m:[0m[33m69[0m:[0m[33m9[0m
    at async [0m[1m[3mwithStartedServer[0m ([0m[2m[38;5;245mfile:///home/justin/code/github.com/justinmchase/real-polite-protocol/[0m[0m[36msrc/requirements/test-helpers.ts[0m:[0m[33m56[0m:[0m[33m5[0m)
    at async [0m[2m[38;5;245mfile:///home/justin/code/github.com/justinmchase/real-polite-protocol/[0m[0m[36msrc/requirements/domain-admin/012-set-contact-policy-url.requirement.test.ts[0m:[0m[33m12[0m:[0m[33m7[0m

req:domain-admin-012 - Domain administrators can set contact policy URL ... non-admin user cannot call set_contact_policy_url [0m[38;5;245m=> ./src/requirements/domain-admin/012-set-contact-policy-url.requirement.test.ts:97:17[0m
[0m[1m[31merror[0m: SyntaxError: Unexpected token 'M', "MCP error "... is not valid JSON
  const result = text !== undefined ? JSON.parse(text) as T : undefined;
[0m[31m                                           ^[0m
    at [0m[1m[3mJSON.parse[0m ([0m[36m<anonymous>[0m)
    at [0m[1m[3mcallTool[0m ([0m[2m[38;5;245mfile:///home/justin/code/github.com/justinmchase/real-polite-protocol/[0m[0m[36msrc/requirements/test-helpers.ts[0m:[0m[33m36[0m:[0m[33m44[0m)
    at async [0m[2m[38;5;245mfile:///home/justin/code/github.com/justinmchase/real-polite-protocol/[0m[0m[36msrc/requirements/domain-admin/012-set-contact-policy-url.requirement.test.ts[0m:[0m[33m106[0m:[0m[33m38[0m
    [0m[2m[38;5;245mat [0m[0m[2m[38;5;245masync [0m[0m[2m[38;5;245minnerWrapped[0m[0m[2m[38;5;245m ([0m[0m[2m[38;5;245mext:cli/40_test.js[0m[0m[2m[38;5;245m:[0m[0m[2m[38;5;245m230[0m[0m[2m[38;5;245m:[0m[0m[2m[38;5;245m5[0m[0m[2m[38;5;245m)[0m
    [0m[2m[38;5;245mat [0m[0m[2m[38;5;245masync [0m[0m[2m[38;5;245mexitSanitizer[0m[0m[2m[38;5;245m ([0m[0m[2m[38;5;245mext:cli/40_test.js[0m[0m[2m[38;5;245m:[0m[0m[2m[38;5;245m146[0m[0m[2m[38;5;245m:[0m[0m[2m[38;5;245m27[0m[0m[2m[38;5;245m)[0m
    [0m[2m[38;5;245mat [0m[0m[2m[38;5;245masync [0m[0m[2m[38;5;245mObject.outerWrapped [as fn][0m[0m[2m[38;5;245m ([0m[0m[2m[38;5;245mext:cli/40_test.js[0m[0m[2m[38;5;245m:[0m[0m[2m[38;5;245m173[0m[0m[2m[38;5;245m:[0m[0m[2m[38;5;245m14[0m[0m[2m[38;5;245m)[0m
    [0m[2m[38;5;245mat [0m[0m[2m[38;5;245masync [0m[0m[2m[38;5;245mTestContext.step[0m[0m[2m[38;5;245m ([0m[0m[2m[38;5;245mext:cli/40_test.js[0m[0m[2m[38;5;245m:[0m[0m[2m[38;5;245m564[0m[0m[2m[38;5;245m:[0m[0m[2m[38;5;245m22[0m[0m[2m[38;5;245m)[0m
    at async [0m[2m[38;5;245mfile:///home/justin/code/github.com/justinmchase/real-polite-protocol/[0m[0m[36msrc/requirements/domain-admin/012-set-contact-policy-url.requirement.test.ts[0m:[0m[33m97[0m:[0m[33m9[0m
    at async [0m[1m[3mwithStartedServer[0m ([0m[2m[38;5;245mfile:///home/justin/code/github.com/justinmchase/real-polite-protocol/[0m[0m[36msrc/requirements/test-helpers.ts[0m:[0m[33m56[0m:[0m[33m5[0m)
    at async [0m[2m[38;5;245mfile:///home/justin/code/github.com/justinmchase/real-polite-protocol/[0m[0m[36msrc/requirements/domain-admin/012-set-contact-policy-url.requirement.test.ts[0m:[0m[33m12[0m:[0m[33m7[0m

[0m[1m[37m[41m FAILURES [0m

req:account-008 - Accounts are assigned an immutable domain_id at creation ... account has a domain_id in admin_verified_fields after provisioning [0m[38;5;245m=> ./src/requirements/account/008-domain-id-assignment.requirement.test.ts:27:17[0m
req:account-008 - Accounts are assigned an immutable domain_id at creation ... domain_id is distinct from the account oid [0m[38;5;245m=> ./src/requirements/account/008-domain-id-assignment.requirement.test.ts:48:17[0m
req:account-009 - domain_id is an immutable admin-verified claim ... domain_id appears in admin_verified_fields and verified_fields [0m[38;5;245m=> ./src/requirements/account/009-domain-id-admin-claim.requirement.test.ts:32:17[0m
req:account-009 - domain_id is an immutable admin-verified claim ... set_admin_verified_metadata rejects attempts to overwrite domain_id [0m[38;5;245m=> ./src/requirements/account/009-domain-id-admin-claim.requirement.test.ts:48:17[0m
req:account-009 - domain_id is an immutable admin-verified claim ... domain_id is unchanged after rejected overwrite attempt [0m[38;5;245m=> ./src/requirements/account/009-domain-id-admin-claim.requirement.test.ts:59:17[0m
req:account-009 - domain_id is an immutable admin-verified claim ... remove_admin_verified_metadata rejects attempts to delete domain_id [0m[38;5;245m=> ./src/requirements/account/009-domain-id-admin-claim.requirement.test.ts:75:17[0m
req:account-009 - domain_id is an immutable admin-verified claim ... domain_id is still present after rejected remove attempt [0m[38;5;245m=> ./src/requirements/account/009-domain-id-admin-claim.requirement.test.ts:85:17[0m
req:account-010 - Sender domain_id is always included as admin-verified claim on outgoing invitations [0m[38;5;245m=> ./src/requirements/account/010-domain-id-on-invitations.requirement.test.ts:9:6[0m
req:domain-admin-001 - Domain administrators can retrieve domain identity ... non-admin user cannot call get_domain_identity [0m[38;5;245m=> ./src/requirements/domain-admin/001-get-domain-identity.requirement.test.ts:40:17[0m
req:domain-admin-002 - Domain administrators can update domain identity fields ... non-admin user cannot call update_domain_identity [0m[38;5;245m=> ./src/requirements/domain-admin/002-update-domain-identity.requirement.test.ts:104:17[0m
req:domain-admin-003 - Domain administrators can retrieve the active verification key ... non-admin user cannot call get_verification_key [0m[38;5;245m=> ./src/requirements/domain-admin/003-get-verification-key.requirement.test.ts:72:17[0m
req:domain-admin-004 - Domain administrators can rotate the invitation verification key ... non-admin user cannot call rotate_verification_key [0m[38;5;245m=> ./src/requirements/domain-admin/004-rotate-verification-key.requirement.test.ts:116:17[0m
req:domain-admin-005 - Domain administrators can list archived verification keys ... non-admin user cannot call list_historical_keys [0m[38;5;245m=> ./src/requirements/domain-admin/005-list-historical-keys.requirement.test.ts:127:17[0m
req:domain-admin-006 - Domain administrators can delete archived verification keys ... non-admin user cannot call delete_historical_key [0m[38;5;245m=> ./src/requirements/domain-admin/006-delete-historical-key.requirement.test.ts:76:17[0m
req:domain-admin-007 - Domain administrators can list verifiable users ... non-admin user cannot call list_verifiable_users [0m[38;5;245m=> ./src/requirements/domain-admin/007-list-verifiable-users.requirement.test.ts:163:17[0m
req:domain-admin-008 - Domain administrators can retrieve a user's verified metadata ... non-admin user cannot call get_user_verified_metadata [0m[38;5;245m=> ./src/requirements/domain-admin/008-get-user-verified-metadata.requirement.test.ts:131:17[0m
req:domain-admin-009 - Domain administrators can set admin verified metadata ... non-admin user cannot call set_admin_verified_metadata [0m[38;5;245m=> ./src/requirements/domain-admin/009-set-admin-verified-metadata.requirement.test.ts:223:17[0m
req:domain-admin-010 - Domain administrators can remove admin verified metadata ... non-admin user cannot call remove_admin_verified_metadata [0m[38;5;245m=> ./src/requirements/domain-admin/010-remove-admin-verified-metadata.requirement.test.ts:142:17[0m
req:domain-admin-011 - Domain administrators can retrieve contact policy URL ... non-admin user cannot call get_contact_policy_url [0m[38;5;245m=> ./src/requirements/domain-admin/011-get-contact-policy-url.requirement.test.ts:51:17[0m
req:domain-admin-012 - Domain administrators can set contact policy URL ... invalid contact policy URL is rejected [0m[38;5;245m=> ./src/requirements/domain-admin/012-set-contact-policy-url.requirement.test.ts:69:17[0m
req:domain-admin-012 - Domain administrators can set contact policy URL ... non-admin user cannot call set_contact_policy_url [0m[38;5;245m=> ./src/requirements/domain-admin/012-set-contact-policy-url.requirement.test.ts:97:17[0m

[0m[31mFAILED[0m | 0 passed (26 steps) | 15 failed (20 steps) [0m[38;5;245m(11s)[0m

[0m[1m[31merror[0m: Test failed
